Archive member included to satisfy reference by file (symbol)

C:/ST/STM32CubeIDE_1.19.0/STM32CubeIDE/plugins/com.st.stm32cube.ide.mcu.externaltools.gnu-tools-for-stm32.13.3.rel1.win32_1.0.0.202411081344/tools/bin/../lib/gcc/arm-none-eabi/13.3.1/../../../../arm-none-eabi/lib/thumb/v7e-m+fp/hard\libc_nano.a(libc_a-exit.o)
                              C:/ST/STM32CubeIDE_1.19.0/STM32CubeIDE/plugins/com.st.stm32cube.ide.mcu.externaltools.gnu-tools-for-stm32.13.3.rel1.win32_1.0.0.202411081344/tools/bin/../lib/gcc/arm-none-eabi/13.3.1/../../../../arm-none-eabi/lib/thumb/v7e-m+fp/hard/crt0.o (exit)
C:/ST/STM32CubeIDE_1.19.0/STM32CubeIDE/plugins/com.st.stm32cube.ide.mcu.externaltools.gnu-tools-for-stm32.13.3.rel1.win32_1.0.0.202411081344/tools/bin/../lib/gcc/arm-none-eabi/13.3.1/../../../../arm-none-eabi/lib/thumb/v7e-m+fp/hard\libc_nano.a(libc_a-findfp.o)
                              C:/ST/STM32CubeIDE_1.19.0/STM32CubeIDE/plugins/com.st.stm32cube.ide.mcu.externaltools.gnu-tools-for-stm32.13.3.rel1.win32_1.0.0.202411081344/tools/bin/../lib/gcc/arm-none-eabi/13.3.1/../../../../arm-none-eabi/lib/thumb/v7e-m+fp/hard\libc_nano.a(libc_a-exit.o) (__stdio_exit_handler)
C:/ST/STM32CubeIDE_1.19.0/STM32CubeIDE/plugins/com.st.stm32cube.ide.mcu.externaltools.gnu-tools-for-stm32.13.3.rel1.win32_1.0.0.202411081344/tools/bin/../lib/gcc/arm-none-eabi/13.3.1/../../../../arm-none-eabi/lib/thumb/v7e-m+fp/hard\libc_nano.a(libc_a-fwalk.o)
                              C:/ST/STM32CubeIDE_1.19.0/STM32CubeIDE/plugins/com.st.stm32cube.ide.mcu.externaltools.gnu-tools-for-stm32.13.3.rel1.win32_1.0.0.202411081344/tools/bin/../lib/gcc/arm-none-eabi/13.3.1/../../../../arm-none-eabi/lib/thumb/v7e-m+fp/hard\libc_nano.a(libc_a-findfp.o) (_fwalk_sglue)
C:/ST/STM32CubeIDE_1.19.0/STM32CubeIDE/plugins/com.st.stm32cube.ide.mcu.externaltools.gnu-tools-for-stm32.13.3.rel1.win32_1.0.0.202411081344/tools/bin/../lib/gcc/arm-none-eabi/13.3.1/../../../../arm-none-eabi/lib/thumb/v7e-m+fp/hard\libc_nano.a(libc_a-snprintf.o)
                              ./Core/Src/macropad_USB_handler.o (snprintf)
C:/ST/STM32CubeIDE_1.19.0/STM32CubeIDE/plugins/com.st.stm32cube.ide.mcu.externaltools.gnu-tools-for-stm32.13.3.rel1.win32_1.0.0.202411081344/tools/bin/../lib/gcc/arm-none-eabi/13.3.1/../../../../arm-none-eabi/lib/thumb/v7e-m+fp/hard\libc_nano.a(libc_a-stdio.o)
                              C:/ST/STM32CubeIDE_1.19.0/STM32CubeIDE/plugins/com.st.stm32cube.ide.mcu.externaltools.gnu-tools-for-stm32.13.3.rel1.win32_1.0.0.202411081344/tools/bin/../lib/gcc/arm-none-eabi/13.3.1/../../../../arm-none-eabi/lib/thumb/v7e-m+fp/hard\libc_nano.a(libc_a-findfp.o) (__sread)
C:/ST/STM32CubeIDE_1.19.0/STM32CubeIDE/plugins/com.st.stm32cube.ide.mcu.externaltools.gnu-tools-for-stm32.13.3.rel1.win32_1.0.0.202411081344/tools/bin/../lib/gcc/arm-none-eabi/13.3.1/../../../../arm-none-eabi/lib/thumb/v7e-m+fp/hard\libc_nano.a(libc_a-memcmp.o)
                              ./Core/Src/macropad_USB_handler.o (memcmp)
C:/ST/STM32CubeIDE_1.19.0/STM32CubeIDE/plugins/com.st.stm32cube.ide.mcu.externaltools.gnu-tools-for-stm32.13.3.rel1.win32_1.0.0.202411081344/tools/bin/../lib/gcc/arm-none-eabi/13.3.1/../../../../arm-none-eabi/lib/thumb/v7e-m+fp/hard\libc_nano.a(libc_a-memset.o)
                              C:/ST/STM32CubeIDE_1.19.0/STM32CubeIDE/plugins/com.st.stm32cube.ide.mcu.externaltools.gnu-tools-for-stm32.13.3.rel1.win32_1.0.0.202411081344/tools/bin/../lib/gcc/arm-none-eabi/13.3.1/../../../../arm-none-eabi/lib/thumb/v7e-m+fp/hard/crt0.o (memset)
C:/ST/STM32CubeIDE_1.19.0/STM32CubeIDE/plugins/com.st.stm32cube.ide.mcu.externaltools.gnu-tools-for-stm32.13.3.rel1.win32_1.0.0.202411081344/tools/bin/../lib/gcc/arm-none-eabi/13.3.1/../../../../arm-none-eabi/lib/thumb/v7e-m+fp/hard\libc_nano.a(libc_a-closer.o)
                              C:/ST/STM32CubeIDE_1.19.0/STM32CubeIDE/plugins/com.st.stm32cube.ide.mcu.externaltools.gnu-tools-for-stm32.13.3.rel1.win32_1.0.0.202411081344/tools/bin/../lib/gcc/arm-none-eabi/13.3.1/../../../../arm-none-eabi/lib/thumb/v7e-m+fp/hard\libc_nano.a(libc_a-stdio.o) (_close_r)
C:/ST/STM32CubeIDE_1.19.0/STM32CubeIDE/plugins/com.st.stm32cube.ide.mcu.externaltools.gnu-tools-for-stm32.13.3.rel1.win32_1.0.0.202411081344/tools/bin/../lib/gcc/arm-none-eabi/13.3.1/../../../../arm-none-eabi/lib/thumb/v7e-m+fp/hard\libc_nano.a(libc_a-reent.o)
                              C:/ST/STM32CubeIDE_1.19.0/STM32CubeIDE/plugins/com.st.stm32cube.ide.mcu.externaltools.gnu-tools-for-stm32.13.3.rel1.win32_1.0.0.202411081344/tools/bin/../lib/gcc/arm-none-eabi/13.3.1/../../../../arm-none-eabi/lib/thumb/v7e-m+fp/hard\libc_nano.a(libc_a-closer.o) (errno)
C:/ST/STM32CubeIDE_1.19.0/STM32CubeIDE/plugins/com.st.stm32cube.ide.mcu.externaltools.gnu-tools-for-stm32.13.3.rel1.win32_1.0.0.202411081344/tools/bin/../lib/gcc/arm-none-eabi/13.3.1/../../../../arm-none-eabi/lib/thumb/v7e-m+fp/hard\libc_nano.a(libc_a-impure.o)
[...]
Memory Configuration

Name             Origin             Length             Attributes
RAM              0x20000000         0x00020000         xrw
FLASH            0x08000000         0x00080000         xr
*default*        0x00000000         0xffffffff

Linker script and memory map

LOAD C:/ST/STM32CubeIDE_1.19.0/STM32CubeIDE/plugins/com.st.stm32cube.ide.mcu.externaltools.gnu-tools-for-stm32.13.3.rel1.win32_1.0.0.202411081344/tools/bin/../lib/gcc/arm-none-eabi/13.3.1/thumb/v7e-m+fp/hard/crti.o
LOAD C:/ST/STM32CubeIDE_1.19.0/STM32CubeIDE/plugins/com.st.stm32cube.ide.mcu.externaltools.gnu-tools-for-stm32.13.3.rel1.win32_1.0.0.202411081344/tools/bin/../lib/gcc/arm-none-eabi/13.3.1/thumb/v7e-m+fp/hard/crtbegin.o
LOAD C:/ST/STM32CubeIDE_1.19.0/STM32CubeIDE/plugins/com.st.stm32cube.ide.mcu.externaltools.gnu-tools-for-stm32.13.3.rel1.win32_1.0.0.202411081344/tools/bin/../lib/gcc/arm-none-eabi/13.3.1/../../../../arm-none-eabi/lib/thumb/v7e-m+fp/hard/crt0.o
LOAD ./Core/Src/macropad_USB_handler.o
LOAD ./Core/Src/main.o
LOAD ./Core/Src/matrix_scan.o
LOAD ./Core/Src/stm32f4xx_hal_msp.o
LOAD ./Core/Src/stm32f4xx_it.o
LOAD ./Core/Src/syscalls.o
LOAD ./Core/Src/sysmem.o
LOAD ./Core/Src/system_stm32f4xx.o
LOAD ./Core/Startup/startup_stm32f411ceux.o
LOAD ./Drivers/OLED/ssd1306.o
LOAD ./Drivers/OLED/ssd1306_fonts.o
LOAD ./Drivers/STM32F4xx_HAL_Driver/Src/stm32f4xx_hal.o
LOAD ./Drivers/STM32F4xx_HAL_Driver/Src/stm32f4xx_hal_cortex.o
LOAD ./Drivers/STM32F4xx_HAL_Driver/Src/stm32f4xx_hal_dma.o
LOAD ./Drivers/STM32F4xx_HAL_Driver/Src/stm32f4xx_hal_dma_ex.o
LOAD ./Drivers/STM32F4xx_HAL_Driver/Src/stm32f4xx_hal_exti.o
LOAD ./Drivers/STM32F4xx_HAL_Driver/Src/stm32f4xx_hal_flash.o
LOAD ./Drivers/STM32F4xx_HAL_Driver/Src/stm32f4xx_hal_flash_ex.o
LOAD ./Drivers/STM32F4xx_HAL_Driver/Src/stm32f4xx_hal_flash_ramfunc.o
LOAD ./Drivers/STM32F4xx_HAL_Driver/Src/stm32f4xx_hal_gpio.o
LOAD ./Drivers/STM32F4xx_HAL_Driver/Src/stm32f4xx_hal_i2c.o
LOAD ./Drivers/STM32F4xx_HAL_Driver/Src/stm32f4xx_hal_i2c_ex.o
LOAD ./Drivers/STM32F4xx_HAL_Driver/Src/stm32f4xx_hal_pcd.o
LOAD ./Drivers/STM32F4xx_HAL_Driver/Src/stm32f4xx_hal_pcd_ex.o
LOAD ./Drivers/STM32F4xx_HAL_Driver/Src/stm32f4xx_hal_pwr.o
LOAD ./Drivers/STM32F4xx_HAL_Driver/Src/stm32f4xx_hal_pwr_ex.o
LOAD ./Drivers/STM32F4xx_HAL_Driver/Src/stm32f4xx_hal_rcc.o
LOAD ./Drivers/STM32F4xx_HAL_Driver/Src/stm32f4xx_hal_rcc_ex.o
LOAD ./Drivers/STM32F4xx_HAL_Driver/Src/stm32f4xx_ll_usb.o
LOAD ./Middlewares/ST/STM32_USB_Device_Library/Class/CustomHID/Src/usbd_customhid.o
LOAD ./Middlewares/ST/STM32_USB_Device_Library/Core/Src/usbd_core.o
LOAD ./Middlewares/ST/STM32_USB_Device_Library/Core/Src/usbd_ctlreq.o
LOAD ./Middlewares/ST/STM32_USB_Device_Library/Core/Src/usbd_ioreq.o
LOAD ./USB_DEVICE/App/usb_device.o
LOAD ./USB_DEVICE/App/usbd_custom_hid_if.o
LOAD ./USB_DEVICE/App/usbd_desc.o
LOAD ./USB_DEVICE/Target/usbd_conf.o
START GROUP
LOAD C:/ST/STM32CubeIDE_1.19.0/STM32CubeIDE/plugins/com.st.stm32cube.ide.mcu.externaltools.gnu-tools-for-stm32.13.3.rel1.win32_1.0.0.202411081344/tools/bin/../lib/gcc/arm-none-eabi/13.3.1/../../../../arm-none-eabi/lib/thumb/v7e-m+fp/hard\libc_nano.a
LOAD C:/ST/STM32CubeIDE_1.19.0/STM32CubeIDE/plugins/com.st.stm32cube.ide.mcu.externaltools.gnu-tools-for-stm32.13.3.rel1.win32_1.0.0.202411081344/tools/bin/../lib/gcc/arm-none-eabi/13.3.1/../../../../arm-none-eabi/lib/thumb/v7e-m+fp/hard\libm.a
END GROUP
START GROUP
LOAD C:/ST/STM32CubeIDE_1.19.0/STM32CubeIDE/plugins/com.st.stm32cube.ide.mcu.externaltools.gnu-tools-for-stm32.13.3.rel1.win32_1.0.0.202411081344/tools/bin/../lib/gcc/arm-none-eabi/13.3.1/thumb/v7e-m+fp/hard\libgcc.a
LOAD C:/ST/STM32CubeIDE_1.19.0/STM32CubeIDE/plugins/com.st.stm32cube.ide.mcu.externaltools.gnu-tools-for-stm32.13.3.rel1.win32_1.0.0.202411081344/tools/bin/../lib/gcc/arm-none-eabi/13.3.1/../../../../arm-none-eabi/lib/thumb/v7e-m+fp/hard\libc_nano.a
END GROUP
START GROUP
LOAD C:/ST/STM32CubeIDE_1.19.0/STM32CubeIDE/plugins/com.st.stm32cube.ide.mcu.externaltools.gnu-tools-for-stm32.13.3.rel1.win32_1.0.0.202411081344/tools/bin/../lib/gcc/arm-none-eabi/13.3.1/thumb/v7e-m+fp/hard\libgcc.a
LOAD C:/ST/STM32CubeIDE_1.19.0/STM32CubeIDE/plugins/com.st.stm32cube.ide.mcu.externaltools.gnu-tools-for-stm32.13.3.rel1.win32_1.0.0.202411081344/tools/bin/../lib/gcc/arm-none-eabi/13.3.1/../../../../arm-none-eabi/lib/thumb/v7e-m+fp/hard\libc_nano.a
LOAD C:/ST/STM32CubeIDE_1.19.0/STM32CubeIDE/plugins/com.st.stm32cube.ide.mcu.externaltools.gnu-tools-for-stm32.13.3.rel1.win32_1.0.0.202411081344/tools/bin/../lib/gcc/arm-none-eabi/13.3.1/../../../../arm-none-eabi/lib/thumb/v7e-m+fp/hard\libnosys.a
END GROUP
START GROUP
LOAD C:/ST/STM32CubeIDE_1.19.0/STM32CubeIDE/plugins/com.st.stm32cube.ide.mcu.externaltools.gnu-tools-for-stm32.13.3.rel1.win32_1.0.0.202411081344/tools/bin/../lib/gcc/arm-none-eabi/13.3.1/thumb/v7e-m+fp/hard\libgcc.a
LOAD C:/ST/STM32CubeIDE_1.19.0/STM32CubeIDE/plugins/com.st.stm32cube.ide.mcu.externaltools.gnu-tools-for-stm32.13.3.rel1.win32_1.0.0.202411081344/tools/bin/../lib/gcc/arm-none-eabi/13.3.1/../../../../arm-none-eabi/lib/thumb/v7e-m+fp/hard\libc_nano.a
LOAD C:/ST/STM32CubeIDE_1.19.0/STM32CubeIDE/plugins/com.st.stm32cube.ide.mcu.externaltools.gnu-tools-for-stm32.13.3.rel1.win32_1.0.0.202411081344/tools/bin/../lib/gcc/arm-none-eabi/13.3.1/../../../../arm-none-eabi/lib/thumb/v7e-m+fp/hard\libnosys.a
END GROUP
LOAD C:/ST/STM32CubeIDE_1.19.0/STM32CubeIDE/plugins/com.st.stm32cube.ide.mcu.externaltools.gnu-tools-for-stm32.13.3.rel1.win32_1.0.0.202411081344/tools/bin/../lib/gcc/arm-none-eabi/13.3.1/thumb/v7e-m+fp/hard/crtend.o
LOAD C:/ST/STM32CubeIDE_1.19.0/STM32CubeIDE/plugins/com.st.stm32cube.ide.mcu.externaltools.gnu-tools-for-stm32.13.3.rel1.win32_1.0.0.202411081344/tools/bin/../lib/gcc/arm-none-eabi/13.3.1/thumb/v7e-m+fp/hard/crtn.o
                0x20020000                        _estack = (ORIGIN (RAM) + LENGTH (RAM))
                0x00000200                        _Min_Heap_Size = 0x200
                0x00000400                        _Min_Stack_Size = 0x400

.isr_vector     0x08000000      0x198
                0x08000000                        . = ALIGN (0x4)
 *(.isr_vector)
 .isr_vector    0x08000000      0x198 ./Core/Startup/startup_stm32f411ceux.o
                0x08000000                g_pfnVectors
                0x08000198                        . = ALIGN (0x4)

.text           0x08000198     0x7834
                0x08000198                        . = ALIGN (0x4)
 *(.text)
 .text          0x08000198       0x40 C:/ST/STM32CubeIDE_1.19.0/STM32CubeIDE/plugins/com.st.stm32cube.ide.mcu.externaltools.gnu-tools-for-stm32.13.3.rel1.win32_1.0.0.202411081344/tools/bin/../lib/gcc/arm-none-eabi/13.3.1/thumb/v7e-m+fp/hard/crtbegin.o
 .text          0x080001d8       0x30 C:/ST/STM32CubeIDE_1.19.0/STM32CubeIDE/plugins/com.st.stm32cube.ide.mcu.externaltools.gnu-tools-for-stm32.13.3.rel1.win32_1.0.0.202411081344/tools/bin/../lib/gcc/arm-none-eabi/13.3.1/thumb/v7e-m+fp/hard\libgcc.a(_aeabi_uldivmod.o)
                0x080001d8                __aeabi_uldivmod
 .text          0x08000208      0x2f8 C:/ST/STM32CubeIDE_1.19.0/STM32CubeIDE/plugins/com.st.stm32cube.ide.mcu.externaltools.gnu-tools-for-stm32.13.3.rel1.win32_1.0.0.202411081344/tools/bin/../lib/gcc/arm-none-eabi/13.3.1/thumb/v7e-m+fp/hard\libgcc.a(_udivmoddi4.o)
                0x08000208                __udivmoddi4
 .text          0x08000500        0x4 C:/ST/STM32CubeIDE_1.19.0/STM32CubeIDE/plugins/com.st.stm32cube.ide.mcu.externaltools.gnu-tools-for-stm32.13.3.rel1.win32_1.0.0.202411081344/tools/bin/../lib/gcc/arm-none-eabi/13.3.1/thumb/v7e-m+fp/hard\libgcc.a(_dvmd_tls.o)
                0x08000500                __aeabi_idiv0
                0x08000500                __aeabi_ldiv0
 *(.text*)
 .text.send_and_form_USBHID_report
                0x08000504       0xac ./Core/Src/macropad_USB_handler.o
                0x08000504                send_and_form_USBHID_report
 .text.main     0x080005b0       0x54 ./Core/Src/main.o
                0x080005b0                main
 .text.SystemClock_Config
                0x08000604       0xd0 ./Core/Src/main.o
                0x08000604                SystemClock_Config
 .text.MX_I2C1_Init
                0x080006d4       0x5c ./Core/Src/main.o
 .text.MX_GPIO_Init
                0x08000730       0xdc ./Core/Src/main.o
 .text.Error_Handler
                0x0800080c        0xc ./Core/Src/main.o
                0x0800080c                Error_Handler
 .text.keypad_init
                0x08000818       0x44 ./Core/Src/matrix_scan.o
                0x08000818                keypad_init
 .text.matrix_scan
                0x0800085c      0x1e4 ./Core/Src/matrix_scan.o
                0x0800085c                matrix_scan
 .text.HAL_MspInit
                0x08000a40       0x50 ./Core/Src/stm32f4xx_hal_msp.o
                0x08000a40                HAL_MspInit
 .text.HAL_I2C_MspInit
                0x08000a90       0x90 ./Core/Src/stm32f4xx_hal_msp.o
                0x08000a90                HAL_I2C_MspInit
 .text.NMI_Handler
                0x08000b20        0x8 ./Core/Src/stm32f4xx_it.o
                0x08000b20                NMI_Handler
 .text.HardFault_Handler
                0x08000b28        0x8 ./Core/Src/stm32f4xx_it.o
                0x08000b28                HardFault_Handler
 .text.MemManage_Handler
                0x08000b30        0x8 ./Core/Src/stm32f4xx_it.o
                0x08000b30                MemManage_Handler
 .text.BusFault_Handler
                0x08000b38        0x8 ./Core/Src/stm32f4xx_it.o
                0x08000b38                BusFault_Handler
 .text.UsageFault_Handler
                0x08000b40        0x8 ./Core/Src/stm32f4xx_it.o
                0x08000b40                UsageFault_Handler
 .text.SVC_Handler
                0x08000b48        0xe ./Core/Src/stm32f4xx_it.o
                0x08000b48                SVC_Handler
 .text.DebugMon_Handler
                0x08000b56        0xe ./Core/Src/stm32f4xx_it.o
                0x08000b56                DebugMon_Handler
 .text.PendSV_Handler
                0x08000b64        0xe ./Core/Src/stm32f4xx_it.o
                0x08000b64                PendSV_Handler
 .text.SysTick_Handler
                0x08000b72        0xc ./Core/Src/stm32f4xx_it.o
                0x08000b72                SysTick_Handler
 *fill*         0x08000b7e        0x2 
 .text.OTG_FS_IRQHandler
                0x08000b80       0x14 ./Core/Src/stm32f4xx_it.o
                0x08000b80                OTG_FS_IRQHandler
 .text.SystemInit
                0x08000b94       0x24 ./Core/Src/system_stm32f4xx.o
                0x08000b94                SystemInit
 .text.Reset_Handler
                0x08000bb8       0x50 ./Core/Startup/startup_stm32f411ceux.o
                0x08000bb8                Reset_Handler
 .text.Default_Handler
                0x08000c08        0x2 ./Core/Startup/startup_stm32f411ceux.o
                0x08000c08                RTC_Alarm_IRQHandler
                0x08000c08                EXTI2_IRQHandler
                0x08000c08                SPI4_IRQHandler
                0x08000c08                TIM1_CC_IRQHandler
                0x08000c08                DMA2_Stream5_IRQHandler
                0x08000c08                DMA1_Stream5_IRQHandler
                0x08000c08                PVD_IRQHandler
                0x08000c08                SDIO_IRQHandler
                0x08000c08                TAMP_STAMP_IRQHandler
                0x08000c08                EXTI3_IRQHandler
                0x08000c08                TIM1_UP_TIM10_IRQHandler
                0x08000c08                I2C3_ER_IRQHandler
                0x08000c08                EXTI0_IRQHandler
                0x08000c08                I2C2_EV_IRQHandler
                0x08000c08                DMA1_Stream2_IRQHandler
                0x08000c08                FPU_IRQHandler
                0x08000c08                DMA2_Stream2_IRQHandler
                0x08000c08                SPI1_IRQHandler
                0x08000c08                TIM1_BRK_TIM9_IRQHandler
                0x08000c08                DMA2_Stream3_IRQHandler
                0x08000c08                USART6_IRQHandler
                0x08000c08                DMA2_Stream0_IRQHandler
                0x08000c08                TIM4_IRQHandler
                0x08000c08                I2C1_EV_IRQHandler
                0x08000c08                DMA1_Stream6_IRQHandler
                0x08000c08                DMA1_Stream1_IRQHandler
                0x08000c08                TIM3_IRQHandler
                0x08000c08                RCC_IRQHandler
                0x08000c08                Default_Handler
                0x08000c08                EXTI15_10_IRQHandler
                0x08000c08                ADC_IRQHandler
                0x08000c08                DMA1_Stream7_IRQHandler
                0x08000c08                SPI5_IRQHandler
                0x08000c08                TIM5_IRQHandler
                0x08000c08                DMA2_Stream7_IRQHandler
                0x08000c08                I2C3_EV_IRQHandler
                0x08000c08                EXTI9_5_IRQHandler
                0x08000c08                RTC_WKUP_IRQHandler
                0x08000c08                SPI2_IRQHandler
                0x08000c08                DMA1_Stream0_IRQHandler
                0x08000c08                EXTI4_IRQHandler
                0x08000c08                WWDG_IRQHandler
                0x08000c08                TIM2_IRQHandler
                0x08000c08                OTG_FS_WKUP_IRQHandler
                0x08000c08                TIM1_TRG_COM_TIM11_IRQHandler
                0x08000c08                EXTI1_IRQHandler
                0x08000c08                USART2_IRQHandler
                0x08000c08                I2C2_ER_IRQHandler
                0x08000c08                DMA2_Stream1_IRQHandler
                0x08000c08                FLASH_IRQHandler
                0x08000c08                DMA2_Stream4_IRQHandler
                0x08000c08                USART1_IRQHandler
                0x08000c08                SPI3_IRQHandler
                0x08000c08                DMA1_Stream4_IRQHandler
                0x08000c08                I2C1_ER_IRQHandler
                0x08000c08                DMA2_Stream6_IRQHandler
                0x08000c08                DMA1_Stream3_IRQHandler
 .text.ssd1306_Reset
                0x08000c0a        0xe ./Drivers/OLED/ssd1306.o
                0x08000c0a                ssd1306_Reset
 .text.ssd1306_WriteCommand
                0x08000c18       0x30 ./Drivers/OLED/ssd1306.o
                0x08000c18                ssd1306_WriteCommand
 .text.ssd1306_WriteData
                0x08000c48       0x34 ./Drivers/OLED/ssd1306.o
                0x08000c48                ssd1306_WriteData
 .text.ssd1306_Init
                0x08000c7c       0xd4 ./Drivers/OLED/ssd1306.o
                0x08000c7c                ssd1306_Init
 .text.ssd1306_Fill
                0x08000d50       0x30 ./Drivers/OLED/ssd1306.o
                0x08000d50                ssd1306_Fill
 .text.ssd1306_UpdateScreen
                0x08000d80       0x50 ./Drivers/OLED/ssd1306.o
                0x08000d80                ssd1306_UpdateScreen
 .text.ssd1306_SetContrast
                0x08000dd0       0x26 ./Drivers/OLED/ssd1306.o
                0x08000dd0                ssd1306_SetContrast
 *fill*         0x08000df6        0x2 
 .text.ssd1306_SetDisplayOn
                0x08000df8       0x3c ./Drivers/OLED/ssd1306.o
                0x08000df8                ssd1306_SetDisplayOn
 .text.HAL_Init
                0x08000e34       0x44 ./Drivers/STM32F4xx_HAL_Driver/Src/stm32f4xx_hal.o
                0x08000e34                HAL_Init
 .text.HAL_InitTick
                0x08000e78       0x60 ./Drivers/STM32F4xx_HAL_Driver/Src/stm32f4xx_hal.o
                0x08000e78                HAL_InitTick
 .text.HAL_IncTick
                0x08000ed8       0x28 ./Drivers/STM32F4xx_HAL_Driver/Src/stm32f4xx_hal.o
                0x08000ed8                HAL_IncTick
 .text.HAL_GetTick
                0x08000f00       0x18 ./Drivers/STM32F4xx_HAL_Driver/Src/stm32f4xx_hal.o
                0x08000f00                HAL_GetTick
 .text.HAL_Delay
                0x08000f18       0x48 ./Drivers/STM32F4xx_HAL_Driver/Src/stm32f4xx_hal.o
                0x08000f18                HAL_Delay
 .text.__NVIC_SetPriorityGrouping
                0x08000f60       0x48 ./Drivers/STM32F4xx_HAL_Driver/Src/stm32f4xx_hal_cortex.o
 .text.__NVIC_GetPriorityGrouping
                0x08000fa8       0x1c ./Drivers/STM32F4xx_HAL_Driver/Src/stm32f4xx_hal_cortex.o
 .text.__NVIC_EnableIRQ
                0x08000fc4       0x3c ./Drivers/STM32F4xx_HAL_Driver/Src/stm32f4xx_hal_cortex.o
 .text.__NVIC_SetPriority
                0x08001000       0x54 ./Drivers/STM32F4xx_HAL_Driver/Src/stm32f4xx_hal_cortex.o
 .text.NVIC_EncodePriority
                0x08001054       0x66 ./Drivers/STM32F4xx_HAL_Driver/Src/stm32f4xx_hal_cortex.o
 *fill*         0x080010ba        0x2 
 .text.SysTick_Config
                0x080010bc       0x44 ./Drivers/STM32F4xx_HAL_Driver/Src/stm32f4xx_hal_cortex.o
 .text.HAL_NVIC_SetPriorityGrouping
                0x08001100       0x16 ./Drivers/STM32F4xx_HAL_Driver/Src/stm32f4xx_hal_cortex.o
                0x08001100                HAL_NVIC_SetPriorityGrouping
 .text.HAL_NVIC_SetPriority
                0x08001116       0x38 ./Drivers/STM32F4xx_HAL_Driver/Src/stm32f4xx_hal_cortex.o
                0x08001116                HAL_NVIC_SetPriority
 .text.HAL_NVIC_EnableIRQ
                0x0800114e       0x1c ./Drivers/STM32F4xx_HAL_Driver/Src/stm32f4xx_hal_cortex.o
                0x0800114e                HAL_NVIC_EnableIRQ
 .text.HAL_SYSTICK_Config
                0x0800116a       0x18 ./Drivers/STM32F4xx_HAL_Driver/Src/stm32f4xx_hal_cortex.o
                0x0800116a                HAL_SYSTICK_Config
 *fill*         0x08001182        0x2 
 .text.HAL_GPIO_Init
                0x08001184      0x308 ./Drivers/STM32F4xx_HAL_Driver/Src/stm32f4xx_hal_gpio.o
                0x08001184                HAL_GPIO_Init
 .text.HAL_GPIO_ReadPin
                0x0800148c       0x30 ./Drivers/STM32F4xx_HAL_Driver/Src/stm32f4xx_hal_gpio.o
                0x0800148c                HAL_GPIO_ReadPin
 .text.HAL_GPIO_WritePin
                0x080014bc       0x32 ./Drivers/STM32F4xx_HAL_Driver/Src/stm32f4xx_hal_gpio.o
                0x080014bc                HAL_GPIO_WritePin
 *fill*         0x080014ee        0x2 
 .text.HAL_I2C_Init
                0x080014f0      0x288 ./Drivers/STM32F4xx_HAL_Driver/Src/stm32f4xx_hal_i2c.o
                0x080014f0                HAL_I2C_Init
 .text.HAL_I2C_Mem_Write
                0x08001778      0x1f4 ./Drivers/STM32F4xx_HAL_Driver/Src/stm32f4xx_hal_i2c.o
                0x08001778                HAL_I2C_Mem_Write
 .text.I2C_RequestMemoryWrite
                0x0800196c      0x12c ./Drivers/STM32F4xx_HAL_Driver/Src/stm32f4xx_hal_i2c.o
 .text.I2C_WaitOnFlagUntilTimeout
                0x08001a98       0xf4 ./Drivers/STM32F4xx_HAL_Driver/Src/stm32f4xx_hal_i2c.o
 .text.I2C_WaitOnMasterAddressFlagUntilTimeout
                0x08001b8c      0x140 ./Drivers/STM32F4xx_HAL_Driver/Src/stm32f4xx_hal_i2c.o
 .text.I2C_WaitOnTXEFlagUntilTimeout
                0x08001ccc       0x90 ./Drivers/STM32F4xx_HAL_Driver/Src/stm32f4xx_hal_i2c.o
 .text.I2C_WaitOnBTFFlagUntilTimeout
                0x08001d5c       0x90 ./Drivers/STM32F4xx_HAL_Driver/Src/stm32f4xx_hal_i2c.o
 .text.I2C_IsAcknowledgeFailed
                0x08001dec       0x5e ./Drivers/STM32F4xx_HAL_Driver/Src/stm32f4xx_hal_i2c.o
 .text.HAL_PCD_Init
                0x08001e4a      0x21e ./Drivers/STM32F4xx_HAL_Driver/Src/stm32f4xx_hal_pcd.o
                0x08001e4a                HAL_PCD_Init
 .text.HAL_PCD_Start
                0x08002068       0x6a ./Drivers/STM32F4xx_HAL_Driver/Src/stm32f4xx_hal_pcd.o
                0x08002068                HAL_PCD_Start
 .text.HAL_PCD_IRQHandler
                0x080020d2      0x942 ./Drivers/STM32F4xx_HAL_Driver/Src/stm32f4xx_hal_pcd.o
                0x080020d2                HAL_PCD_IRQHandler
 .text.HAL_PCD_SetAddress
                0x08002a14       0x48 ./Drivers/STM32F4xx_HAL_Driver/Src/stm32f4xx_hal_pcd.o
                0x08002a14                HAL_PCD_SetAddress
 .text.HAL_PCD_EP_Open
                0x08002a5c       0xd4 ./Drivers/STM32F4xx_HAL_Driver/Src/stm32f4xx_hal_pcd.o
                0x08002a5c                HAL_PCD_EP_Open
 .text.HAL_PCD_EP_Close
                0x08002b30       0x94 ./Drivers/STM32F4xx_HAL_Driver/Src/stm32f4xx_hal_pcd.o
                0x08002b30                HAL_PCD_EP_Close
 .text.HAL_PCD_EP_Receive
                0x08002bc4       0x76 ./Drivers/STM32F4xx_HAL_Driver/Src/stm32f4xx_hal_pcd.o
                0x08002bc4                HAL_PCD_EP_Receive
 .text.HAL_PCD_EP_Transmit
                0x08002c3a       0x74 ./Drivers/STM32F4xx_HAL_Driver/Src/stm32f4xx_hal_pcd.o
                0x08002c3a                HAL_PCD_EP_Transmit
 .text.HAL_PCD_EP_SetStall
                0x08002cae       0xc6 ./Drivers/STM32F4xx_HAL_Driver/Src/stm32f4xx_hal_pcd.o
                0x08002cae                HAL_PCD_EP_SetStall
 .text.HAL_PCD_EP_ClrStall
                0x08002d74       0xac ./Drivers/STM32F4xx_HAL_Driver/Src/stm32f4xx_hal_pcd.o
                0x08002d74                HAL_PCD_EP_ClrStall
 .text.HAL_PCD_EP_Abort
                0x08002e20       0x62 ./Drivers/STM32F4xx_HAL_Driver/Src/stm32f4xx_hal_pcd.o
                0x08002e20                HAL_PCD_EP_Abort
 .text.PCD_WriteEmptyTxFifo
                0x08002e82      0x118 ./Drivers/STM32F4xx_HAL_Driver/Src/stm32f4xx_hal_pcd.o
 *fill*         0x08002f9a        0x2 
 .text.PCD_EP_OutXfrComplete_int
                0x08002f9c      0x1d0 ./Drivers/STM32F4xx_HAL_Driver/Src/stm32f4xx_hal_pcd.o
 .text.PCD_EP_OutSetupPacket_int
                0x0800316c       0x8c ./Drivers/STM32F4xx_HAL_Driver/Src/stm32f4xx_hal_pcd.o
 .text.HAL_PCDEx_SetTxFiFo
                0x080031f8       0x8e ./Drivers/STM32F4xx_HAL_Driver/Src/stm32f4xx_hal_pcd_ex.o
                0x080031f8                HAL_PCDEx_SetTxFiFo
 .text.HAL_PCDEx_SetRxFiFo
                0x08003286       0x22 ./Drivers/STM32F4xx_HAL_Driver/Src/stm32f4xx_hal_pcd_ex.o
                0x08003286                HAL_PCDEx_SetRxFiFo
 .text.HAL_PCDEx_LPM_Callback
                0x080032a8       0x18 ./Drivers/STM32F4xx_HAL_Driver/Src/stm32f4xx_hal_pcd_ex.o
                0x080032a8                HAL_PCDEx_LPM_Callback
 .text.HAL_RCC_OscConfig
                0x080032c0      0x4f0 ./Drivers/STM32F4xx_HAL_Driver/Src/stm32f4xx_hal_rcc.o
                0x080032c0                HAL_RCC_OscConfig
 .text.HAL_RCC_ClockConfig
                0x080037b0      0x1cc ./Drivers/STM32F4xx_HAL_Driver/Src/stm32f4xx_hal_rcc.o
                0x080037b0                HAL_RCC_ClockConfig
 .text.HAL_RCC_GetSysClockFreq
                0x0800397c      0x20c ./Drivers/STM32F4xx_HAL_Driver/Src/stm32f4xx_hal_rcc.o
                0x0800397c                HAL_RCC_GetSysClockFreq
 .text.HAL_RCC_GetHCLKFreq
                0x08003b88       0x18 ./Drivers/STM32F4xx_HAL_Driver/Src/stm32f4xx_hal_rcc.o
                0x08003b88                HAL_RCC_GetHCLKFreq
 .text.HAL_RCC_GetPCLK1Freq
                0x08003ba0       0x28 ./Drivers/STM32F4xx_HAL_Driver/Src/stm32f4xx_hal_rcc.o
                0x08003ba0                HAL_RCC_GetPCLK1Freq
 .text.USB_CoreInit
                0x08003bc8       0xc8 ./Drivers/STM32F4xx_HAL_Driver/Src/stm32f4xx_ll_usb.o
                0x08003bc8                USB_CoreInit
 .text.USB_SetTurnaroundTime
                0x08003c90      0x144 ./Drivers/STM32F4xx_HAL_Driver/Src/stm32f4xx_ll_usb.o
                0x08003c90                USB_SetTurnaroundTime
 .text.USB_EnableGlobalInt
                0x08003dd4       0x22 ./Drivers/STM32F4xx_HAL_Driver/Src/stm32f4xx_ll_usb.o
                0x08003dd4                USB_EnableGlobalInt
 .text.USB_DisableGlobalInt
                0x08003df6       0x22 ./Drivers/STM32F4xx_HAL_Driver/Src/stm32f4xx_ll_usb.o
                0x08003df6                USB_DisableGlobalInt
 .text.USB_SetCurrentMode
                0x08003e18       0x98 ./Drivers/STM32F4xx_HAL_Driver/Src/stm32f4xx_ll_usb.o
                0x08003e18                USB_SetCurrentMode
 .text.USB_DevInit
                0x08003eb0      0x2c8 ./Drivers/STM32F4xx_HAL_Driver/Src/stm32f4xx_ll_usb.o
                0x08003eb0                USB_DevInit
 .text.USB_FlushTxFifo
                0x08004178       0x64 ./Drivers/STM32F4xx_HAL_Driver/Src/stm32f4xx_ll_usb.o
                0x08004178                USB_FlushTxFifo
 .text.USB_FlushRxFifo
                0x080041dc       0x5c ./Drivers/STM32F4xx_HAL_Driver/Src/stm32f4xx_ll_usb.o
                0x080041dc                USB_FlushRxFifo
 .text.USB_SetDevSpeed
                0x08004238       0x32 ./Drivers/STM32F4xx_HAL_Driver/Src/stm32f4xx_ll_usb.o
                0x08004238                USB_SetDevSpeed
 .text.USB_GetDevSpeed
                0x0800426a       0x4a ./Drivers/STM32F4xx_HAL_Driver/Src/stm32f4xx_ll_usb.o
                0x0800426a                USB_GetDevSpeed
 .text.USB_ActivateEndpoint
                0x080042b4      0x10e ./Drivers/STM32F4xx_HAL_Driver/Src/stm32f4xx_ll_usb.o
                0x080042b4                USB_ActivateEndpoint
 *fill*         0x080043c2        0x2 
 .text.USB_DeactivateEndpoint
                0x080043c4      0x1b8 ./Drivers/STM32F4xx_HAL_Driver/Src/stm32f4xx_ll_usb.o
                0x080043c4                USB_DeactivateEndpoint
 .text.USB_EPStartXfer
                0x0800457c      0x53c ./Drivers/STM32F4xx_HAL_Driver/Src/stm32f4xx_ll_usb.o
                0x0800457c                USB_EPStartXfer
 .text.USB_EPStopXfer
                0x08004ab8      0x154 ./Drivers/STM32F4xx_HAL_Driver/Src/stm32f4xx_ll_usb.o
                0x08004ab8                USB_EPStopXfer
 .text.USB_WritePacket
                0x08004c0c       0x7c ./Drivers/STM32F4xx_HAL_Driver/Src/stm32f4xx_ll_usb.o
                0x08004c0c                USB_WritePacket
 .text.USB_ReadPacket
                0x08004c88       0xb0 ./Drivers/STM32F4xx_HAL_Driver/Src/stm32f4xx_ll_usb.o
                0x08004c88                USB_ReadPacket
 .text.USB_EPSetStall
                0x08004d38       0xdc ./Drivers/STM32F4xx_HAL_Driver/Src/stm32f4xx_ll_usb.o
                0x08004d38                USB_EPSetStall
 .text.USB_EPClearStall
                0x08004e14       0xcc ./Drivers/STM32F4xx_HAL_Driver/Src/stm32f4xx_ll_usb.o
                0x08004e14                USB_EPClearStall
 .text.USB_SetDevAddress
                0x08004ee0       0x4c ./Drivers/STM32F4xx_HAL_Driver/Src/stm32f4xx_ll_usb.o
                0x08004ee0                USB_SetDevAddress
 .text.USB_DevConnect
                0x08004f2c       0x42 ./Drivers/STM32F4xx_HAL_Driver/Src/stm32f4xx_ll_usb.o
                0x08004f2c                USB_DevConnect
 .text.USB_DevDisconnect
                0x08004f6e       0x42 ./Drivers/STM32F4xx_HAL_Driver/Src/stm32f4xx_ll_usb.o
                0x08004f6e                USB_DevDisconnect
 .text.USB_ReadInterrupts
                0x08004fb0       0x26 ./Drivers/STM32F4xx_HAL_Driver/Src/stm32f4xx_ll_usb.o
                0x08004fb0                USB_ReadInterrupts
 .text.USB_ReadDevAllOutEpInterrupt
                0x08004fd6       0x34 ./Drivers/STM32F4xx_HAL_Driver/Src/stm32f4xx_ll_usb.o
                0x08004fd6                USB_ReadDevAllOutEpInterrupt
 .text.USB_ReadDevAllInEpInterrupt
                0x0800500a       0x34 ./Drivers/STM32F4xx_HAL_Driver/Src/stm32f4xx_ll_usb.o
                0x0800500a                USB_ReadDevAllInEpInterrupt
 .text.USB_ReadDevOutEPInterrupt
                0x0800503e       0x3c ./Drivers/STM32F4xx_HAL_Driver/Src/stm32f4xx_ll_usb.o
                0x0800503e                USB_ReadDevOutEPInterrupt
 .text.USB_ReadDevInEPInterrupt
                0x0800507a       0x5c ./Drivers/STM32F4xx_HAL_Driver/Src/stm32f4xx_ll_usb.o
                0x0800507a                USB_ReadDevInEPInterrupt
 .text.USB_GetMode
                0x080050d6       0x1c ./Drivers/STM32F4xx_HAL_Driver/Src/stm32f4xx_ll_usb.o
                0x080050d6                USB_GetMode
 .text.USB_ActivateSetup
                0x080050f2       0x46 ./Drivers/STM32F4xx_HAL_Driver/Src/stm32f4xx_ll_usb.o
                0x080050f2                USB_ActivateSetup
 .text.USB_EP0_OutStart
                0x08005138       0xbc ./Drivers/STM32F4xx_HAL_Driver/Src/stm32f4xx_ll_usb.o
                0x08005138                USB_EP0_OutStart
 .text.USB_CoreReset
                0x080051f4       0x70 ./Drivers/STM32F4xx_HAL_Driver/Src/stm32f4xx_ll_usb.o
 .text.USBD_CUSTOM_HID_Init
                0x08005264      0x154 ./Middlewares/ST/STM32_USB_Device_Library/Class/CustomHID/Src/usbd_customhid.o
 .text.USBD_CUSTOM_HID_DeInit
                0x080053b8       0xf4 ./Middlewares/ST/STM32_USB_Device_Library/Class/CustomHID/Src/usbd_customhid.o
 .text.USBD_CUSTOM_HID_Setup
                0x080054ac      0x254 ./Middlewares/ST/STM32_USB_Device_Library/Class/CustomHID/Src/usbd_customhid.o
 .text.USBD_CUSTOM_HID_SendReport
                0x08005700       0x64 ./Middlewares/ST/STM32_USB_Device_Library/Class/CustomHID/Src/usbd_customhid.o
                0x08005700                USBD_CUSTOM_HID_SendReport
 .text.USBD_CUSTOM_HID_GetFSCfgDesc
                0x08005764       0x64 ./Middlewares/ST/STM32_USB_Device_Library/Class/CustomHID/Src/usbd_customhid.o
 .text.USBD_CUSTOM_HID_GetHSCfgDesc
                0x080057c8       0x64 ./Middlewares/ST/STM32_USB_Device_Library/Class/CustomHID/Src/usbd_customhid.o
 .text.USBD_CUSTOM_HID_GetOtherSpeedCfgDesc
                0x0800582c       0x64 ./Middlewares/ST/STM32_USB_Device_Library/Class/CustomHID/Src/usbd_customhid.o
 .text.USBD_CUSTOM_HID_DataIn
                0x08005890       0x2c ./Middlewares/ST/STM32_USB_Device_Library/Class/CustomHID/Src/usbd_customhid.o
 .text.USBD_CUSTOM_HID_DataOut
                0x080058bc       0x5a ./Middlewares/ST/STM32_USB_Device_Library/Class/CustomHID/Src/usbd_customhid.o
 *fill*         0x08005916        0x2 
 .text.USBD_CUSTOM_HID_ReceivePacket
                0x08005918       0x4c ./Middlewares/ST/STM32_USB_Device_Library/Class/CustomHID/Src/usbd_customhid.o
                0x08005918                USBD_CUSTOM_HID_ReceivePacket
 .text.USBD_CUSTOM_HID_EP0_RxReady
                0x08005964       0x58 ./Middlewares/ST/STM32_USB_Device_Library/Class/CustomHID/Src/usbd_customhid.o
 .text.USBD_CUSTOM_HID_GetDeviceQualifierDesc
                0x080059bc       0x20 ./Middlewares/ST/STM32_USB_Device_Library/Class/CustomHID/Src/usbd_customhid.o
 .text.USBD_CUSTOM_HID_RegisterInterface
                0x080059dc       0x34 ./Middlewares/ST/STM32_USB_Device_Library/Class/CustomHID/Src/usbd_customhid.o
                0x080059dc                USBD_CUSTOM_HID_RegisterInterface
 .text.USBD_Init
                0x08005a10       0x60 ./Middlewares/ST/STM32_USB_Device_Library/Core/Src/usbd_core.o
                0x08005a10                USBD_Init
 .text.USBD_RegisterClass
                0x08005a70       0x6c ./Middlewares/ST/STM32_USB_Device_Library/Core/Src/usbd_core.o
                0x08005a70                USBD_RegisterClass
 .text.USBD_Start
                0x08005adc       0x18 ./Middlewares/ST/STM32_USB_Device_Library/Core/Src/usbd_core.o
                0x08005adc                USBD_Start
 .text.USBD_RunTestMode
                0x08005af4       0x16 ./Middlewares/ST/STM32_USB_Device_Library/Core/Src/usbd_core.o
                0x08005af4                USBD_RunTestMode
 .text.USBD_SetClassConfig
                0x08005b0a       0x38 ./Middlewares/ST/STM32_USB_Device_Library/Core/Src/usbd_core.o
                0x08005b0a                USBD_SetClassConfig
 .text.USBD_ClrClassConfig
                0x08005b42       0x34 ./Middlewares/ST/STM32_USB_Device_Library/Core/Src/usbd_core.o
                0x08005b42                USBD_ClrClassConfig
 .text.USBD_LL_SetupStage
                0x08005b76       0xaa ./Middlewares/ST/STM32_USB_Device_Library/Core/Src/usbd_core.o
                0x08005b76                USBD_LL_SetupStage
 .text.USBD_LL_DataOutStage
                0x08005c20      0x178 ./Middlewares/ST/STM32_USB_Device_Library/Core/Src/usbd_core.o
                0x08005c20                USBD_LL_DataOutStage
 .text.USBD_LL_DataInStage
                0x08005d98      0x176 ./Middlewares/ST/STM32_USB_Device_Library/Core/Src/usbd_core.o
                0x08005d98                USBD_LL_DataInStage
 .text.USBD_LL_Reset
                0x08005f0e       0xa6 ./Middlewares/ST/STM32_USB_Device_Library/Core/Src/usbd_core.o
                0x08005f0e                USBD_LL_Reset
 .text.USBD_LL_SetSpeed
                0x08005fb4       0x20 ./Middlewares/ST/STM32_USB_Device_Library/Core/Src/usbd_core.o
                0x08005fb4                USBD_LL_SetSpeed
 .text.USBD_LL_Suspend
                0x08005fd4       0x38 ./Middlewares/ST/STM32_USB_Device_Library/Core/Src/usbd_core.o
                0x08005fd4                USBD_LL_Suspend
 .text.USBD_LL_Resume
                0x0800600c       0x30 ./Middlewares/ST/STM32_USB_Device_Library/Core/Src/usbd_core.o
                0x0800600c                USBD_LL_Resume
 .text.USBD_LL_SOF
                0x0800603c       0x40 ./Middlewares/ST/STM32_USB_Device_Library/Core/Src/usbd_core.o
                0x0800603c                USBD_LL_SOF
 .text.USBD_LL_IsoINIncomplete
                0x0800607c       0x64 ./Middlewares/ST/STM32_USB_Device_Library/Core/Src/usbd_core.o
                0x0800607c                USBD_LL_IsoINIncomplete
 .text.USBD_LL_IsoOUTIncomplete
                0x080060e0       0x64 ./Middlewares/ST/STM32_USB_Device_Library/Core/Src/usbd_core.o
                0x080060e0                USBD_LL_IsoOUTIncomplete
 .text.USBD_LL_DevConnected
                0x08006144       0x16 ./Middlewares/ST/STM32_USB_Device_Library/Core/Src/usbd_core.o
                0x08006144                USBD_LL_DevConnected
 .text.USBD_LL_DevDisconnected
                0x0800615a       0x46 ./Middlewares/ST/STM32_USB_Device_Library/Core/Src/usbd_core.o
                0x0800615a                USBD_LL_DevDisconnected
 .text.USBD_CoreFindIF
                0x080061a0       0x1a ./Middlewares/ST/STM32_USB_Device_Library/Core/Src/usbd_core.o
                0x080061a0                USBD_CoreFindIF
 .text.USBD_CoreFindEP
                0x080061ba       0x1a ./Middlewares/ST/STM32_USB_Device_Library/Core/Src/usbd_core.o
                0x080061ba                USBD_CoreFindEP
 .text.USBD_GetEpDesc
                0x080061d4       0x70 ./Middlewares/ST/STM32_USB_Device_Library/Core/Src/usbd_core.o
                0x080061d4                USBD_GetEpDesc
 .text.USBD_GetNextDesc
                0x08006244       0x38 ./Middlewares/ST/STM32_USB_Device_Library/Core/Src/usbd_core.o
                0x08006244                USBD_GetNextDesc
 .text.SWAPBYTE
                0x0800627c       0x3e ./Middlewares/ST/STM32_USB_Device_Library/Core/Src/usbd_ctlreq.o
 *fill*         0x080062ba        0x2 
 .text.USBD_StdDevReq
                0x080062bc       0xe4 ./Middlewares/ST/STM32_USB_Device_Library/Core/Src/usbd_ctlreq.o
                0x080062bc                USBD_StdDevReq
 .text.USBD_StdItfReq
                0x080063a0       0xd8 ./Middlewares/ST/STM32_USB_Device_Library/Core/Src/usbd_ctlreq.o
                0x080063a0                USBD_StdItfReq
 .text.USBD_StdEPReq
                0x08006478      0x33e ./Middlewares/ST/STM32_USB_Device_Library/Core/Src/usbd_ctlreq.o
                0x08006478                USBD_StdEPReq
 *fill*         0x080067b6        0x2 
 .text.USBD_GetDescriptor
                0x080067b8      0x2d4 ./Middlewares/ST/STM32_USB_Device_Library/Core/Src/usbd_ctlreq.o
 .text.USBD_SetAddress
                0x08006a8c       0x88 ./Middlewares/ST/STM32_USB_Device_Library/Core/Src/usbd_ctlreq.o
 .text.USBD_SetConfig
                0x08006b14      0x154 ./Middlewares/ST/STM32_USB_Device_Library/Core/Src/usbd_ctlreq.o
 .text.USBD_GetConfig
                0x08006c68       0x6c ./Middlewares/ST/STM32_USB_Device_Library/Core/Src/usbd_ctlreq.o
 .text.USBD_GetStatus
                0x08006cd4       0x68 ./Middlewares/ST/STM32_USB_Device_Library/Core/Src/usbd_ctlreq.o
 .text.USBD_SetFeature
                0x08006d3c       0x52 ./Middlewares/ST/STM32_USB_Device_Library/Core/Src/usbd_ctlreq.o
 .text.USBD_ClrFeature
                0x08006d8e       0x44 ./Middlewares/ST/STM32_USB_Device_Library/Core/Src/usbd_ctlreq.o
 .text.USBD_ParseSetupRequest
                0x08006dd2       0x74 ./Middlewares/ST/STM32_USB_Device_Library/Core/Src/usbd_ctlreq.o
                0x08006dd2                USBD_ParseSetupRequest
 .text.USBD_CtlError
                0x08006e46       0x22 ./Middlewares/ST/STM32_USB_Device_Library/Core/Src/usbd_ctlreq.o
                0x08006e46                USBD_CtlError
 .text.USBD_GetString
                0x08006e68       0xa4 ./Middlewares/ST/STM32_USB_Device_Library/Core/Src/usbd_ctlreq.o
                0x08006e68                USBD_GetString
 .text.USBD_GetLen
                0x08006f0c       0x34 ./Middlewares/ST/STM32_USB_Device_Library/Core/Src/usbd_ctlreq.o
 .text.USBD_CtlSendData
                0x08006f40       0x3c ./Middlewares/ST/STM32_USB_Device_Library/Core/Src/usbd_ioreq.o
                0x08006f40                USBD_CtlSendData
 .text.USBD_CtlContinueSendData
                0x08006f7c       0x22 ./Middlewares/ST/STM32_USB_Device_Library/Core/Src/usbd_ioreq.o
                0x08006f7c                USBD_CtlContinueSendData
 .text.USBD_CtlPrepareRx
                0x08006f9e       0x42 ./Middlewares/ST/STM32_USB_Device_Library/Core/Src/usbd_ioreq.o
                0x08006f9e                USBD_CtlPrepareRx
 .text.USBD_CtlContinueRx
                0x08006fe0       0x22 ./Middlewares/ST/STM32_USB_Device_Library/Core/Src/usbd_ioreq.o
                0x08006fe0                USBD_CtlContinueRx
 .text.USBD_CtlSendStatus
                0x08007002       0x26 ./Middlewares/ST/STM32_USB_Device_Library/Core/Src/usbd_ioreq.o
                0x08007002                USBD_CtlSendStatus
 .text.USBD_CtlReceiveStatus
                0x08007028       0x26 ./Middlewares/ST/STM32_USB_Device_Library/Core/Src/usbd_ioreq.o
                0x08007028                USBD_CtlReceiveStatus
 *fill*         0x0800704e        0x2 
 .text.MX_USB_DEVICE_Init
                0x08007050       0x60 ./USB_DEVICE/App/usb_device.o
                0x08007050                MX_USB_DEVICE_Init
 .text.CUSTOM_HID_Init_FS
                0x080070b0       0x10 ./USB_DEVICE/App/usbd_custom_hid_if.o
 .text.CUSTOM_HID_DeInit_FS
                0x080070c0       0x10 ./USB_DEVICE/App/usbd_custom_hid_if.o
 .text.CUSTOM_HID_OutEvent_FS
                0x080070d0       0x5c ./USB_DEVICE/App/usbd_custom_hid_if.o
 .text.USBD_FS_DeviceDescriptor
                0x0800712c       0x24 ./USB_DEVICE/App/usbd_desc.o
                0x0800712c                USBD_FS_DeviceDescriptor
 .text.USBD_FS_LangIDStrDescriptor
                0x08007150       0x24 ./USB_DEVICE/App/usbd_desc.o
                0x08007150                USBD_FS_LangIDStrDescriptor
 .text.USBD_FS_ProductStrDescriptor
                0x08007174       0x3c ./USB_DEVICE/App/usbd_desc.o
                0x08007174                USBD_FS_ProductStrDescriptor
 .text.USBD_FS_ManufacturerStrDescriptor
                0x080071b0       0x28 ./USB_DEVICE/App/usbd_desc.o
                0x080071b0                USBD_FS_ManufacturerStrDescriptor
 .text.USBD_FS_SerialStrDescriptor
                0x080071d8       0x24 ./USB_DEVICE/App/usbd_desc.o
                0x080071d8                USBD_FS_SerialStrDescriptor
 .text.USBD_FS_ConfigStrDescriptor
                0x080071fc       0x3c ./USB_DEVICE/App/usbd_desc.o
                0x080071fc                USBD_FS_ConfigStrDescriptor
 .text.USBD_FS_InterfaceStrDescriptor
                0x08007238       0x3c ./USB_DEVICE/App/usbd_desc.o
                0x08007238                USBD_FS_InterfaceStrDescriptor
 .text.Get_SerialNum
                0x08007274       0x58 ./USB_DEVICE/App/usbd_desc.o
 .text.IntToUnicode
                0x080072cc       0x7e ./USB_DEVICE/App/usbd_desc.o
 *fill*         0x0800734a        0x2 
 .text.HAL_PCD_MspInit
                0x0800734c       0xa8 ./USB_DEVICE/Target/usbd_conf.o
                0x0800734c                HAL_PCD_MspInit
 .text.HAL_PCD_SetupStageCallback
                0x080073f4       0x24 ./USB_DEVICE/Target/usbd_conf.o
                0x080073f4                HAL_PCD_SetupStageCallback
 .text.HAL_PCD_DataOutStageCallback
                0x08007418       0x36 ./USB_DEVICE/Target/usbd_conf.o
                0x08007418                HAL_PCD_DataOutStageCallback
 .text.HAL_PCD_DataInStageCallback
                0x0800744e       0x34 ./USB_DEVICE/Target/usbd_conf.o
                0x0800744e                HAL_PCD_DataInStageCallback
 .text.HAL_PCD_SOFCallback
                0x08007482       0x1c ./USB_DEVICE/Target/usbd_conf.o
                0x08007482                HAL_PCD_SOFCallback
 .text.HAL_PCD_ResetCallback
                0x0800749e       0x3c ./USB_DEVICE/Target/usbd_conf.o
                0x0800749e                HAL_PCD_ResetCallback
 *fill*         0x080074da        0x2 
 .text.HAL_PCD_SuspendCallback
                0x080074dc       0x4c ./USB_DEVICE/Target/usbd_conf.o
                0x080074dc                HAL_PCD_SuspendCallback
 .text.HAL_PCD_ResumeCallback
                0x08007528       0x1c ./USB_DEVICE/Target/usbd_conf.o
                0x08007528                HAL_PCD_ResumeCallback
 .text.HAL_PCD_ISOOUTIncompleteCallback
                0x08007544       0x24 ./USB_DEVICE/Target/usbd_conf.o
                0x08007544                HAL_PCD_ISOOUTIncompleteCallback
 .text.HAL_PCD_ISOINIncompleteCallback
                0x08007568       0x24 ./USB_DEVICE/Target/usbd_conf.o
                0x08007568                HAL_PCD_ISOINIncompleteCallback
 .text.HAL_PCD_ConnectCallback
                0x0800758c       0x1c ./USB_DEVICE/Target/usbd_conf.o
                0x0800758c                HAL_PCD_ConnectCallback
 .text.HAL_PCD_DisconnectCallback
                0x080075a8       0x1c ./USB_DEVICE/Target/usbd_conf.o
                0x080075a8                HAL_PCD_DisconnectCallback
 .text.USBD_LL_Init
                0x080075c4       0x98 ./USB_DEVICE/Target/usbd_conf.o
                0x080075c4                USBD_LL_Init
 .text.USBD_LL_Start
                0x0800765c       0x36 ./USB_DEVICE/Target/usbd_conf.o
                0x0800765c                USBD_LL_Start
 .text.USBD_LL_OpenEP
                0x08007692       0x4c ./USB_DEVICE/Target/usbd_conf.o
                0x08007692                USBD_LL_OpenEP
 .text.USBD_LL_CloseEP
                0x080076de       0x3e ./USB_DEVICE/Target/usbd_conf.o
                0x080076de                USBD_LL_CloseEP
 .text.USBD_LL_StallEP
                0x0800771c       0x3e ./USB_DEVICE/Target/usbd_conf.o
                0x0800771c                USBD_LL_StallEP
 .text.USBD_LL_ClearStallEP
                0x0800775a       0x3e ./USB_DEVICE/Target/usbd_conf.o
                0x0800775a                USBD_LL_ClearStallEP
 .text.USBD_LL_IsStallEP
                0x08007798       0x58 ./USB_DEVICE/Target/usbd_conf.o
                0x08007798                USBD_LL_IsStallEP
 .text.USBD_LL_SetUSBAddress
                0x080077f0       0x3e ./USB_DEVICE/Target/usbd_conf.o
                0x080077f0                USBD_LL_SetUSBAddress
 .text.USBD_LL_Transmit
                0x0800782e       0x42 ./USB_DEVICE/Target/usbd_conf.o
                0x0800782e                USBD_LL_Transmit
 .text.USBD_LL_PrepareReceive
                0x08007870       0x42 ./USB_DEVICE/Target/usbd_conf.o
                0x08007870                USBD_LL_PrepareReceive
 *fill*         0x080078b2        0x2 
 .text.USBD_static_malloc
                0x080078b4       0x1c ./USB_DEVICE/Target/usbd_conf.o
                0x080078b4                USBD_static_malloc
 .text.USBD_static_free
                0x080078d0       0x14 ./USB_DEVICE/Target/usbd_conf.o
                0x080078d0                USBD_static_free
 .text.USBD_Get_USB_Status
                0x080078e4       0x58 ./USB_DEVICE/Target/usbd_conf.o
                0x080078e4                USBD_Get_USB_Status
 .text.memcmp   0x0800793c       0x20 C:/ST/STM32CubeIDE_1.19.0/STM32CubeIDE/plugins/com.st.stm32cube.ide.mcu.externaltools.gnu-tools-for-stm32.13.3.rel1.win32_1.0.0.202411081344/tools/bin/../lib/gcc/arm-none-eabi/13.3.1/../../../../arm-none-eabi/lib/thumb/v7e-m+fp/hard\libc_nano.a(libc_a-memcmp.o)
                0x0800793c                memcmp
 .text.memset   0x0800795c       0x10 C:/ST/STM32CubeIDE_1.19.0/STM32CubeIDE/plugins/com.st.stm32cube.ide.mcu.externaltools.gnu-tools-for-stm32.13.3.rel1.win32_1.0.0.202411081344/tools/bin/../lib/gcc/arm-none-eabi/13.3.1/../../../../arm-none-eabi/lib/thumb/v7e-m+fp/hard\libc_nano.a(libc_a-memset.o)
                0x0800795c                memset
 .text.__libc_init_array
                0x0800796c       0x48 C:/ST/STM32CubeIDE_1.19.0/STM32CubeIDE/plugins/com.st.stm32cube.ide.mcu.externaltools.gnu-tools-for-stm32.13.3.rel1.win32_1.0.0.202411081344/tools/bin/../lib/gcc/arm-none-eabi/13.3.1/../../../../arm-none-eabi/lib/thumb/v7e-m+fp/hard\libc_nano.a(libc_a-init.o)
                0x0800796c                __libc_init_array
 *(.glue_7)
 .glue_7        0x080079b4        0x0 linker stubs
 *(.glue_7t)
 .glue_7t       0x080079b4        0x0 linker stubs
 *(.eh_frame)
 .eh_frame      0x080079b4        0x0 C:/ST/STM32CubeIDE_1.19.0/STM32CubeIDE/plugins/com.st.stm32cube.ide.mcu.externaltools.gnu-tools-for-stm32.13.3.rel1.win32_1.0.0.202411081344/tools/bin/../lib/gcc/arm-none-eabi/13.3.1/thumb/v7e-m+fp/hard/crtbegin.o
 *(.init)
 .init          0x080079b4        0x4 C:/ST/STM32CubeIDE_1.19.0/STM32CubeIDE/plugins/com.st.stm32cube.ide.mcu.externaltools.gnu-tools-for-stm32.13.3.rel1.win32_1.0.0.202411081344/tools/bin/../lib/gcc/arm-none-eabi/13.3.1/thumb/v7e-m+fp/hard/crti.o
                0x080079b4                _init
 .init          0x080079b8        0x8 C:/ST/STM32CubeIDE_1.19.0/STM32CubeIDE/plugins/com.st.stm32cube.ide.mcu.externaltools.gnu-tools-for-stm32.13.3.rel1.win32_1.0.0.202411081344/tools/bin/../lib/gcc/arm-none-eabi/13.3.1/thumb/v7e-m+fp/hard/crtn.o
 *(.fini)
 .fini          0x080079c0        0x4 C:/ST/STM32CubeIDE_1.19.0/STM32CubeIDE/plugins/com.st.stm32cube.ide.mcu.externaltools.gnu-tools-for-stm32.13.3.rel1.win32_1.0.0.202411081344/tools/bin/../lib/gcc/arm-none-eabi/13.3.1/thumb/v7e-m+fp/hard/crti.o
                0x080079c0                _fini
 .fini          0x080079c4        0x8 C:/ST/STM32CubeIDE_1.19.0/STM32CubeIDE/plugins/com.st.stm32cube.ide.mcu.externaltools.gnu-tools-for-stm32.13.3.rel1.win32_1.0.0.202411081344/tools/bin/../lib/gcc/arm-none-eabi/13.3.1/thumb/v7e-m+fp/hard/crtn.o
                0x080079cc                        . = ALIGN (0x4)
                0x080079cc                        _etext = .

.vfp11_veneer   0x080079cc        0x0
 .vfp11_veneer  0x080079cc        0x0 linker stubs

.v4_bx          0x080079cc        0x0
 .v4_bx         0x080079cc        0x0 linker stubs

.iplt           0x080079cc        0x0
 .iplt          0x080079cc        0x0 C:/ST/STM32CubeIDE_1.19.0/STM32CubeIDE/plugins/com.st.stm32cube.ide.mcu.externaltools.gnu-tools-for-stm32.13.3.rel1.win32_1.0.0.202411081344/tools/bin/../lib/gcc/arm-none-eabi/13.3.1/thumb/v7e-m+fp/hard/crtbegin.o

.rodata         0x080079cc       0xa0
                0x080079cc                        . = ALIGN (0x4)
 *(.rodata)
 .rodata        0x080079cc       0x5d ./USB_DEVICE/App/usbd_desc.o
 *(.rodata*)
 *fill*         0x08007a29        0x3 
 .rodata.ROW_PORT
                0x08007a2c        0xc ./Core/Src/matrix_scan.o
 .rodata.ROW_PIN
                0x08007a38        0x6 ./Core/Src/matrix_scan.o
 *fill*         0x08007a3e        0x2 
 .rodata.COL_PORT
                0x08007a40        0xc ./Core/Src/matrix_scan.o
 .rodata.COL_PIN
                0x08007a4c        0x6 ./Core/Src/matrix_scan.o
 *fill*         0x08007a52        0x2 
 .rodata.AHBPrescTable
                0x08007a54       0x10 ./Core/Src/system_stm32f4xx.o
                0x08007a54                AHBPrescTable
 .rodata.APBPrescTable
                0x08007a64        0x8 ./Core/Src/system_stm32f4xx.o
                0x08007a64                APBPrescTable
                0x08007a6c                        . = ALIGN (0x4)

.ARM.extab      0x08007a6c        0x0
                0x08007a6c                        . = ALIGN (0x4)
 *(.ARM.extab* .gnu.linkonce.armextab.*)
                0x08007a6c                        . = ALIGN (0x4)

.ARM            0x08007a6c        0x8
                0x08007a6c                        . = ALIGN (0x4)
                0x08007a6c                        __exidx_start = .
 *(.ARM.exidx*)
 .ARM.exidx     0x08007a6c        0x8 C:/ST/STM32CubeIDE_1.19.0/STM32CubeIDE/plugins/com.st.stm32cube.ide.mcu.externaltools.gnu-tools-for-stm32.13.3.rel1.win32_1.0.0.202411081344/tools/bin/../lib/gcc/arm-none-eabi/13.3.1/thumb/v7e-m+fp/hard\libgcc.a(_udivmoddi4.o)
                0x08007a74                        __exidx_end = .
                0x08007a74                        . = ALIGN (0x4)

.preinit_array  0x08007a74        0x0
                0x08007a74                        . = ALIGN (0x4)
                0x08007a74                        PROVIDE (__preinit_array_start = .)
 *(.preinit_array*)
                0x08007a74                        PROVIDE (__preinit_array_end = .)
                0x08007a74                        . = ALIGN (0x4)

.init_array     0x08007a74        0x4
                0x08007a74                        . = ALIGN (0x4)
                0x08007a74                        PROVIDE (__init_array_start = .)
 *(SORT_BY_NAME(.init_array.*))
 *(.init_array*)
 .init_array    0x08007a74        0x4 C:/ST/STM32CubeIDE_1.19.0/STM32CubeIDE/plugins/com.st.stm32cube.ide.mcu.externaltools.gnu-tools-for-stm32.13.3.rel1.win32_1.0.0.202411081344/tools/bin/../lib/gcc/arm-none-eabi/13.3.1/thumb/v7e-m+fp/hard/crtbegin.o
                0x08007a78                        PROVIDE (__init_array_end = .)
                0x08007a78                        . = ALIGN (0x4)

.fini_array     0x08007a78        0x4
                0x08007a78                        . = ALIGN (0x4)
                [!provide]                        PROVIDE (__fini_array_start = .)
 *(SORT_BY_NAME(.fini_array.*))
 *(.fini_array*)
 .fini_array    0x08007a78        0x4 C:/ST/STM32CubeIDE_1.19.0/STM32CubeIDE/plugins/com.st.stm32cube.ide.mcu.externaltools.gnu-tools-for-stm32.13.3.rel1.win32_1.0.0.202411081344/tools/bin/../lib/gcc/arm-none-eabi/13.3.1/thumb/v7e-m+fp/hard/crtbegin.o
                [!provide]                        PROVIDE (__fini_array_end = .)
                0x08007a7c                        . = ALIGN (0x4)
                0x08007a7c                        _sidata = LOADADDR (.data)

.rel.dyn        0x08007a7c        0x0
 .rel.iplt      0x08007a7c        0x0 C:/ST/STM32CubeIDE_1.19.0/STM32CubeIDE/plugins/com.st.stm32cube.ide.mcu.externaltools.gnu-tools-for-stm32.13.3.rel1.win32_1.0.0.202411081344/tools/bin/../lib/gcc/arm-none-eabi/13.3.1/thumb/v7e-m+fp/hard/crtbegin.o

.data           0x20000000      0x16c load address 0x08007a7c
                0x20000000                        . = ALIGN (0x4)
                0x20000000                        _sdata = .
 *(.data)
 *(.data*)
 .data.previous_volume
                0x20000000        0x1 ./Core/Src/main.o
                0x20000000                previous_volume
 *fill*         0x20000001        0x3 
 .data.keymap   0x20000004        0x9 ./Core/Src/matrix_scan.o
                0x20000004                keymap
 *fill*         0x2000000d        0x3 
 .data.key_iteration
                0x20000010        0x9 ./Core/Src/matrix_scan.o
                0x20000010                key_iteration
 *fill*         0x20000019        0x3 
 .data.SystemCoreClock
                0x2000001c        0x4 ./Core/Src/system_stm32f4xx.o
                0x2000001c                SystemCoreClock
 .data.uwTickPrio
                0x20000020        0x4 ./Drivers/STM32F4xx_HAL_Driver/Src/stm32f4xx_hal.o
                0x20000020                uwTickPrio
 .data.uwTickFreq
                0x20000024        0x1 ./Drivers/STM32F4xx_HAL_Driver/Src/stm32f4xx_hal.o
                0x20000024                uwTickFreq
 *fill*         0x20000025        0x3 
 .data.USBD_CUSTOM_HID
                0x20000028       0x38 ./Middlewares/ST/STM32_USB_Device_Library/Class/CustomHID/Src/usbd_customhid.o
                0x20000028                USBD_CUSTOM_HID
 .data.USBD_CUSTOM_HID_CfgDesc
                0x20000060       0x29 ./Middlewares/ST/STM32_USB_Device_Library/Class/CustomHID/Src/usbd_customhid.o
 *fill*         0x20000089        0x3 
 .data.USBD_CUSTOM_HID_Desc
                0x2000008c        0x9 ./Middlewares/ST/STM32_USB_Device_Library/Class/CustomHID/Src/usbd_customhid.o
 *fill*         0x20000095        0x3 
 .data.USBD_CUSTOM_HID_DeviceQualifierDesc
                0x20000098        0xa ./Middlewares/ST/STM32_USB_Device_Library/Class/CustomHID/Src/usbd_customhid.o
 .data.CUSTOMHIDInEpAdd
                0x200000a2        0x1 ./Middlewares/ST/STM32_USB_Device_Library/Class/CustomHID/Src/usbd_customhid.o
 .data.CUSTOMHIDOutEpAdd
                0x200000a3        0x1 ./Middlewares/ST/STM32_USB_Device_Library/Class/CustomHID/Src/usbd_customhid.o
 .data.CUSTOM_HID_ReportDesc_FS
                0x200000a4       0x65 ./USB_DEVICE/App/usbd_custom_hid_if.o
 *fill*         0x20000109        0x3 
 .data.USBD_CustomHID_fops_FS
                0x2000010c       0x10 ./USB_DEVICE/App/usbd_custom_hid_if.o
                0x2000010c                USBD_CustomHID_fops_FS
 .data.FS_Desc  0x2000011c       0x1c ./USB_DEVICE/App/usbd_desc.o
                0x2000011c                FS_Desc
 .data.USBD_FS_DeviceDesc
                0x20000138       0x12 ./USB_DEVICE/App/usbd_desc.o
                0x20000138                USBD_FS_DeviceDesc
 *fill*         0x2000014a        0x2 
 .data.USBD_LangIDDesc
                0x2000014c        0x4 ./USB_DEVICE/App/usbd_desc.o
                0x2000014c                USBD_LangIDDesc
 .data.USBD_StringSerial
                0x20000150       0x1a ./USB_DEVICE/App/usbd_desc.o
                0x20000150                USBD_StringSerial
 *(.RamFunc)
 *(.RamFunc*)
                0x2000016c                        . = ALIGN (0x4)
 *fill*         0x2000016a        0x2 
                0x2000016c                        _edata = .

.igot.plt       0x2000016c        0x0 load address 0x08007be8
 .igot.plt      0x2000016c        0x0 C:/ST/STM32CubeIDE_1.19.0/STM32CubeIDE/plugins/com.st.stm32cube.ide.mcu.externaltools.gnu-tools-for-stm32.13.3.rel1.win32_1.0.0.202411081344/tools/bin/../lib/gcc/arm-none-eabi/13.3.1/thumb/v7e-m+fp/hard/crtbegin.o
                0x2000016c                        . = ALIGN (0x4)

.bss            0x2000016c      0xc98 load address 0x08007be8
                0x2000016c                        _sbss = .
                0x2000016c                        __bss_start__ = _sbss
 *(.bss)
 .bss           0x2000016c       0x1c C:/ST/STM32CubeIDE_1.19.0/STM32CubeIDE/plugins/com.st.stm32cube.ide.mcu.externaltools.gnu-tools-for-stm32.13.3.rel1.win32_1.0.0.202411081344/tools/bin/../lib/gcc/arm-none-eabi/13.3.1/thumb/v7e-m+fp/hard/crtbegin.o
 *(.bss*)
 .bss.prev_report
                0x20000188        0x9 ./Core/Src/macropad_USB_handler.o
                0x20000188                prev_report
 *fill*         0x20000191        0x3 
 .bss.curr_report
                0x20000194        0x9 ./Core/Src/macropad_USB_handler.o
                0x20000194                curr_report
 *fill*         0x2000019d        0x3 
 .bss.hi2c1     0x200001a0       0x54 ./Core/Src/main.o
                0x200001a0                hi2c1
 .bss.current_volume
                0x200001f4        0x1 ./Core/Src/main.o
                0x200001f4                current_volume
 .bss.volume_flag
                0x200001f5        0x1 ./Core/Src/main.o
                0x200001f5                volume_flag
 *fill*         0x200001f6        0x2 
 .bss.key_state
                0x200001f8        0x9 ./Core/Src/matrix_scan.o
                0x200001f8                key_state
 *fill*         0x20000201        0x3 
 .bss.key_stable_state
                0x20000204        0x9 ./Core/Src/matrix_scan.o
                0x20000204                key_stable_state
 *fill*         0x2000020d        0x3 
 .bss.SSD1306_Buffer
                0x20000210      0x200 ./Drivers/OLED/ssd1306.o
 .bss.SSD1306   0x20000410        0x6 ./Drivers/OLED/ssd1306.o
 *fill*         0x20000416        0x2 
 .bss.uwTick    0x20000418        0x4 ./Drivers/STM32F4xx_HAL_Driver/Src/stm32f4xx_hal.o
                0x20000418                uwTick
 .bss.cfgidx.0  0x2000041c        0x1 ./Middlewares/ST/STM32_USB_Device_Library/Core/Src/usbd_ctlreq.o
 *fill*         0x2000041d        0x3 
 .bss.hUsbDeviceFS
                0x20000420      0x2dc ./USB_DEVICE/App/usb_device.o
                0x20000420                hUsbDeviceFS
 .bss.USBD_StrDesc
                0x200006fc      0x200 ./USB_DEVICE/App/usbd_desc.o
                0x200006fc                USBD_StrDesc
 .bss.hpcd_USB_OTG_FS
                0x200008fc      0x4e4 ./USB_DEVICE/Target/usbd_conf.o
                0x200008fc                hpcd_USB_OTG_FS
 .bss.mem.0     0x20000de0       0x24 ./USB_DEVICE/Target/usbd_conf.o
 *(COMMON)
                0x20000e04                        . = ALIGN (0x4)
                0x20000e04                        _ebss = .
                0x20000e04                        __bss_end__ = _ebss

._user_heap_stack
                0x20000e04      0x604 load address 0x08007be8
                0x20000e08                        . = ALIGN (0x8)
 *fill*         0x20000e04        0x4 
                [!provide]                        PROVIDE (end = .)
                0x20000e08                        PROVIDE (_end = .)
                0x20001008                        . = (. + _Min_Heap_Size)
 *fill*         0x20000e08      0x200 
                0x20001408                        . = (. + _Min_Stack_Size)
 *fill*         0x20001008      0x400 
                0x20001408                        . = ALIGN (0x8)

/DISCARD/
 libc.a(*)
 libm.a(*)
 libgcc.a(*)

.ARM.attributes
                0x00000000       0x30
 *(.ARM.attributes)
 .ARM.attributes
                0x00000000       0x22 C:/ST/STM32CubeIDE_1.19.0/STM32CubeIDE/plugins/com.st.stm32cube.ide.mcu.externaltools.gnu-tools-for-stm32.13.3.rel1.win32_1.0.0.202411081344/tools/bin/../lib/gcc/arm-none-eabi/13.3.1/thumb/v7e-m+fp/hard/crti.o
 .ARM.attributes
                0x00000022       0x34 C:/ST/STM32CubeIDE_1.19.0/STM32CubeIDE/plugins/com.st.stm32cube.ide.mcu.externaltools.gnu-tools-for-stm32.13.3.rel1.win32_1.0.0.202411081344/tools/bin/../lib/gcc/arm-none-eabi/13.3.1/thumb/v7e-m+fp/hard/crtbegin.o
 .ARM.attributes
                0x00000056       0x34 ./Core/Src/macropad_USB_handler.o
 .ARM.attributes
                0x0000008a       0x34 ./Core/Src/main.o
 .ARM.attributes
                0x000000be       0x34 ./Core/Src/matrix_scan.o
 .ARM.attributes
                0x000000f2       0x34 ./Core/Src/stm32f4xx_hal_msp.o
 .ARM.attributes
                0x00000126       0x34 ./Core/Src/stm32f4xx_it.o
 .ARM.attributes
                0x0000015a       0x34 ./Core/Src/system_stm32f4xx.o
 .ARM.attributes
                0x0000018e       0x21 ./Core/Startup/startup_stm32f411ceux.o
 .ARM.attributes
                0x000001af       0x34 ./Drivers/OLED/ssd1306.o
 .ARM.attributes
                0x000001e3       0x34 ./Drivers/STM32F4xx_HAL_Driver/Src/stm32f4xx_hal.o
 .ARM.attributes
                0x00000217       0x34 ./Drivers/STM32F4xx_HAL_Driver/Src/stm32f4xx_hal_cortex.o
 .ARM.attributes
                0x0000024b       0x34 ./Drivers/STM32F4xx_HAL_Driver/Src/stm32f4xx_hal_gpio.o
 .ARM.attributes
                0x0000027f       0x34 ./Drivers/STM32F4xx_HAL_Driver/Src/stm32f4xx_hal_i2c.o
 .ARM.attributes
                0x000002b3       0x34 ./Drivers/STM32F4xx_HAL_Driver/Src/stm32f4xx_hal_pcd.o
 .ARM.attributes
                0x000002e7       0x34 ./Drivers/STM32F4xx_HAL_Driver/Src/stm32f4xx_hal_pcd_ex.o
 .ARM.attributes
                0x0000031b       0x34 ./Drivers/STM32F4xx_HAL_Driver/Src/stm32f4xx_hal_rcc.o
 .ARM.attributes
                0x0000034f       0x34 ./Drivers/STM32F4xx_HAL_Driver/Src/stm32f4xx_ll_usb.o
 .ARM.attributes
                0x00000383       0x34 ./Middlewares/ST/STM32_USB_Device_Library/Class/CustomHID/Src/usbd_customhid.o
 .ARM.attributes
                0x000003b7       0x34 ./Middlewares/ST/STM32_USB_Device_Library/Core/Src/usbd_core.o
 .ARM.attributes
                0x000003eb       0x34 ./Middlewares/ST/STM32_USB_Device_Library/Core/Src/usbd_ctlreq.o
 .ARM.attributes
                0x0000041f       0x34 ./Middlewares/ST/STM32_USB_Device_Library/Core/Src/usbd_ioreq.o
 .ARM.attributes
                0x00000453       0x34 ./USB_DEVICE/App/usb_device.o
 .ARM.attributes
                0x00000487       0x34 ./USB_DEVICE/App/usbd_custom_hid_if.o
 .ARM.attributes
                0x000004bb       0x34 ./USB_DEVICE/App/usbd_desc.o
 .ARM.attributes
                0x000004ef       0x34 ./USB_DEVICE/Target/usbd_conf.o
 .ARM.attributes
                0x00000523       0x34 C:/ST/STM32CubeIDE_1.19.0/STM32CubeIDE/plugins/com.st.stm32cube.ide.mcu.externaltools.gnu-tools-for-stm32.13.3.rel1.win32_1.0.0.202411081344/tools/bin/../lib/gcc/arm-none-eabi/13.3.1/../../../../arm-none-eabi/lib/thumb/v7e-m+fp/hard\libc_nano.a(libc_a-memcmp.o)
 .ARM.attributes
                0x00000557       0x34 C:/ST/STM32CubeIDE_1.19.0/STM32CubeIDE/plugins/com.st.stm32cube.ide.mcu.externaltools.gnu-tools-for-stm32.13.3.rel1.win32_1.0.0.202411081344/tools/bin/../lib/gcc/arm-none-eabi/13.3.1/../../../../arm-none-eabi/lib/thumb/v7e-m+fp/hard\libc_nano.a(libc_a-memset.o)
 .ARM.attributes
                0x0000058b       0x34 C:/ST/STM32CubeIDE_1.19.0/STM32CubeIDE/plugins/com.st.stm32cube.ide.mcu.externaltools.gnu-tools-for-stm32.13.3.rel1.win32_1.0.0.202411081344/tools/bin/../lib/gcc/arm-none-eabi/13.3.1/../../../../arm-none-eabi/lib/thumb/v7e-m+fp/hard\libc_nano.a(libc_a-init.o)
 .ARM.attributes
                0x000005bf       0x22 C:/ST/STM32CubeIDE_1.19.0/STM32CubeIDE/plugins/com.st.stm32cube.ide.mcu.externaltools.gnu-tools-for-stm32.13.3.rel1.win32_1.0.0.202411081344/tools/bin/../lib/gcc/arm-none-eabi/13.3.1/thumb/v7e-m+fp/hard\libgcc.a(_aeabi_uldivmod.o)
 .ARM.attributes
                0x000005e1       0x34 C:/ST/STM32CubeIDE_1.19.0/STM32CubeIDE/plugins/com.st.stm32cube.ide.mcu.externaltools.gnu-tools-for-stm32.13.3.rel1.win32_1.0.0.202411081344/tools/bin/../lib/gcc/arm-none-eabi/13.3.1/thumb/v7e-m+fp/hard\libgcc.a(_udivmoddi4.o)
 .ARM.attributes
                0x00000615       0x22 C:/ST/STM32CubeIDE_1.19.0/STM32CubeIDE/plugins/com.st.stm32cube.ide.mcu.externaltools.gnu-tools-for-stm32.13.3.rel1.win32_1.0.0.202411081344/tools/bin/../lib/gcc/arm-none-eabi/13.3.1/thumb/v7e-m+fp/hard\libgcc.a(_dvmd_tls.o)
 .ARM.attributes
                0x00000637       0x22 C:/ST/STM32CubeIDE_1.19.0/STM32CubeIDE/plugins/com.st.stm32cube.ide.mcu.externaltools.gnu-tools-for-stm32.13.3.rel1.win32_1.0.0.202411081344/tools/bin/../lib/gcc/arm-none-eabi/13.3.1/thumb/v7e-m+fp/hard/crtn.o
OUTPUT(macroWAN_firmware.elf elf32-littlearm)
LOAD linker stubs
LOAD C:/ST/STM32CubeIDE_1.19.0/STM32CubeIDE/plugins/com.st.stm32cube.ide.mcu.externaltools.gnu-tools-for-stm32.13.3.rel1.win32_1.0.0.202411081344/tools/bin/../lib/gcc/arm-none-eabi/13.3.1/../../../../arm-none-eabi/lib/thumb/v7e-m+fp/hard\libc.a
LOAD C:/ST/STM32CubeIDE_1.19.0/STM32CubeIDE/plugins/com.st.stm32cube.ide.mcu.externaltools.gnu-tools-for-stm32.13.3.rel1.win32_1.0.0.202411081344/tools/bin/../lib/gcc/arm-none-eabi/13.3.1/../../../../arm-none-eabi/lib/thumb/v7e-m+fp/hard\libm.a
LOAD C:/ST/STM32CubeIDE_1.19.0/STM32CubeIDE/plugins/com.st.stm32cube.ide.mcu.externaltools.gnu-tools-for-stm32.13.3.rel1.win32_1.0.0.202411081344/tools/bin/../lib/gcc/arm-none-eabi/13.3.1/thumb/v7e-m+fp/hard\libgcc.a

.debug_info     0x00000000    0x11a53
 .debug_info    0x00000000      0x7cf ./Core/Src/macropad_USB_handler.o
 .debug_info    0x000007cf      0xc68 ./Core/Src/main.o
 .debug_info    0x00001437      0x318 ./Core/Src/matrix_scan.o
 .debug_info    0x0000174f      0x971 ./Core/Src/stm32f4xx_hal_msp.o
 .debug_info    0x000020c0      0x627 ./Core/Src/stm32f4xx_it.o
 .debug_info    0x000026e7      0x53e ./Core/Src/system_stm32f4xx.o
 .debug_info    0x00002c25       0x30 ./Core/Startup/startup_stm32f411ceux.o
 .debug_info    0x00002c55     0x129e ./Drivers/OLED/ssd1306.o
 .debug_info    0x00003ef3      0x8c4 ./Drivers/STM32F4xx_HAL_Driver/Src/stm32f4xx_hal.o
 .debug_info    0x000047b7      0xcfc ./Drivers/STM32F4xx_HAL_Driver/Src/stm32f4xx_hal_cortex.o
 .debug_info    0x000054b3      0x6f9 ./Drivers/STM32F4xx_HAL_Driver/Src/stm32f4xx_hal_gpio.o
 .debug_info    0x00005bac     0x2426 ./Drivers/STM32F4xx_HAL_Driver/Src/stm32f4xx_hal_i2c.o
 .debug_info    0x00007fd2     0x1577 ./Drivers/STM32F4xx_HAL_Driver/Src/stm32f4xx_hal_pcd.o
 .debug_info    0x00009549      0x6ea ./Drivers/STM32F4xx_HAL_Driver/Src/stm32f4xx_hal_pcd_ex.o
 .debug_info    0x00009c33      0x904 ./Drivers/STM32F4xx_HAL_Driver/Src/stm32f4xx_hal_rcc.o
 .debug_info    0x0000a537     0x1993 ./Drivers/STM32F4xx_HAL_Driver/Src/stm32f4xx_ll_usb.o
 .debug_info    0x0000beca      0xc50 ./Middlewares/ST/STM32_USB_Device_Library/Class/CustomHID/Src/usbd_customhid.o
 .debug_info    0x0000cb1a      0xe12 ./Middlewares/ST/STM32_USB_Device_Library/Core/Src/usbd_core.o
 .debug_info    0x0000d92c      0xaeb ./Middlewares/ST/STM32_USB_Device_Library/Core/Src/usbd_ctlreq.o
 .debug_info    0x0000e417      0x762 ./Middlewares/ST/STM32_USB_Device_Library/Core/Src/usbd_ioreq.o
 .debug_info    0x0000eb79      0x6d1 ./USB_DEVICE/App/usb_device.o
 .debug_info    0x0000f24a      0x79e ./USB_DEVICE/App/usbd_custom_hid_if.o
 .debug_info    0x0000f9e8      0x458 ./USB_DEVICE/App/usbd_desc.o
 .debug_info    0x0000fe40     0x1c13 ./USB_DEVICE/Target/usbd_conf.o

.debug_abbrev   0x00000000     0x3404
 .debug_abbrev  0x00000000      0x22e ./Core/Src/macropad_USB_handler.o
 .debug_abbrev  0x0000022e      0x27c ./Core/Src/main.o
 .debug_abbrev  0x000004aa      0x196 ./Core/Src/matrix_scan.o
 .debug_abbrev  0x00000640      0x1a4 ./Core/Src/stm32f4xx_hal_msp.o
 .debug_abbrev  0x000007e4      0x1a4 ./Core/Src/stm32f4xx_it.o
 .debug_abbrev  0x00000988      0x11a ./Core/Src/system_stm32f4xx.o
 .debug_abbrev  0x00000aa2       0x24 ./Core/Startup/startup_stm32f411ceux.o
 .debug_abbrev  0x00000ac6      0x351 ./Drivers/OLED/ssd1306.o
 .debug_abbrev  0x00000e17      0x24b ./Drivers/STM32F4xx_HAL_Driver/Src/stm32f4xx_hal.o
 .debug_abbrev  0x00001062      0x31d ./Drivers/STM32F4xx_HAL_Driver/Src/stm32f4xx_hal_cortex.o
 .debug_abbrev  0x0000137f      0x1d3 ./Drivers/STM32F4xx_HAL_Driver/Src/stm32f4xx_hal_gpio.o
 .debug_abbrev  0x00001552      0x2bc ./Drivers/STM32F4xx_HAL_Driver/Src/stm32f4xx_hal_i2c.o
 .debug_abbrev  0x0000180e      0x2b6 ./Drivers/STM32F4xx_HAL_Driver/Src/stm32f4xx_hal_pcd.o
 .debug_abbrev  0x00001ac4      0x1da ./Drivers/STM32F4xx_HAL_Driver/Src/stm32f4xx_hal_pcd_ex.o
 .debug_abbrev  0x00001c9e      0x2b6 ./Drivers/STM32F4xx_HAL_Driver/Src/stm32f4xx_hal_rcc.o
 .debug_abbrev  0x00001f54      0x2b3 ./Drivers/STM32F4xx_HAL_Driver/Src/stm32f4xx_ll_usb.o
 .debug_abbrev  0x00002207      0x2d0 ./Middlewares/ST/STM32_USB_Device_Library/Class/CustomHID/Src/usbd_customhid.o
 .debug_abbrev  0x000024d7      0x27c ./Middlewares/ST/STM32_USB_Device_Library/Core/Src/usbd_core.o
 .debug_abbrev  0x00002753      0x26f ./Middlewares/ST/STM32_USB_Device_Library/Core/Src/usbd_ctlreq.o
 .debug_abbrev  0x000029c2      0x19a ./Middlewares/ST/STM32_USB_Device_Library/Core/Src/usbd_ioreq.o
 .debug_abbrev  0x00002b5c      0x194 ./USB_DEVICE/App/usb_device.o
 .debug_abbrev  0x00002cf0      0x1f4 ./USB_DEVICE/App/usbd_custom_hid_if.o
 .debug_abbrev  0x00002ee4      0x1e1 ./USB_DEVICE/App/usbd_desc.o
 .debug_abbrev  0x000030c5      0x33f ./USB_DEVICE/Target/usbd_conf.o

.debug_aranges  0x00000000      0xf20
 .debug_aranges
                0x00000000       0x28 ./Core/Src/macropad_USB_handler.o
 .debug_aranges
                0x00000028       0x40 ./Core/Src/main.o
 .debug_aranges
                0x00000068       0x28 ./Core/Src/matrix_scan.o
 .debug_aranges
                0x00000090       0x30 ./Core/Src/stm32f4xx_hal_msp.o
 .debug_aranges
                0x000000c0       0x68 ./Core/Src/stm32f4xx_it.o
 .debug_aranges
                0x00000128       0x28 ./Core/Src/system_stm32f4xx.o
 .debug_aranges
                0x00000150       0x28 ./Core/Startup/startup_stm32f411ceux.o
 .debug_aranges
                0x00000178       0xe8 ./Drivers/OLED/ssd1306.o
 .debug_aranges
                0x00000260       0xf0 ./Drivers/STM32F4xx_HAL_Driver/Src/stm32f4xx_hal.o
 .debug_aranges
                0x00000350      0x130 ./Drivers/STM32F4xx_HAL_Driver/Src/stm32f4xx_hal_cortex.o
 .debug_aranges
                0x00000480       0x58 ./Drivers/STM32F4xx_HAL_Driver/Src/stm32f4xx_hal_gpio.o
 .debug_aranges
                0x000004d8      0x2a8 ./Drivers/STM32F4xx_HAL_Driver/Src/stm32f4xx_hal_i2c.o
 .debug_aranges
                0x00000780      0x148 ./Drivers/STM32F4xx_HAL_Driver/Src/stm32f4xx_hal_pcd.o
 .debug_aranges
                0x000008c8       0x38 ./Drivers/STM32F4xx_HAL_Driver/Src/stm32f4xx_hal_pcd_ex.o
 .debug_aranges
                0x00000900       0x88 ./Drivers/STM32F4xx_HAL_Driver/Src/stm32f4xx_hal_rcc.o
 .debug_aranges
                0x00000988      0x1a0 ./Drivers/STM32F4xx_HAL_Driver/Src/stm32f4xx_ll_usb.o
 .debug_aranges
                0x00000b28       0x80 ./Middlewares/ST/STM32_USB_Device_Library/Class/CustomHID/Src/usbd_customhid.o
 .debug_aranges
                0x00000ba8       0xd8 ./Middlewares/ST/STM32_USB_Device_Library/Core/Src/usbd_core.o
 .debug_aranges
                0x00000c80       0x90 ./Middlewares/ST/STM32_USB_Device_Library/Core/Src/usbd_ctlreq.o
 .debug_aranges
                0x00000d10       0x50 ./Middlewares/ST/STM32_USB_Device_Library/Core/Src/usbd_ioreq.o
 .debug_aranges
                0x00000d60       0x20 ./USB_DEVICE/App/usb_device.o
 .debug_aranges
                0x00000d80       0x30 ./USB_DEVICE/App/usbd_custom_hid_if.o
 .debug_aranges
                0x00000db0       0x60 ./USB_DEVICE/App/usbd_desc.o
 .debug_aranges
                0x00000e10      0x110 ./USB_DEVICE/Target/usbd_conf.o

.debug_rnglists
                0x00000000      0xb6a
 .debug_rnglists
                0x00000000       0x1a ./Core/Src/macropad_USB_handler.o
 .debug_rnglists
                0x0000001a       0x2d ./Core/Src/main.o
 .debug_rnglists
                0x00000047       0x1a ./Core/Src/matrix_scan.o
 .debug_rnglists
                0x00000061       0x20 ./Core/Src/stm32f4xx_hal_msp.o
 .debug_rnglists
                0x00000081       0x49 ./Core/Src/stm32f4xx_it.o
 .debug_rnglists
                0x000000ca       0x1a ./Core/Src/system_stm32f4xx.o
 .debug_rnglists
                0x000000e4       0x19 ./Core/Startup/startup_stm32f411ceux.o
 .debug_rnglists
                0x000000fd       0xb4 ./Drivers/OLED/ssd1306.o
 .debug_rnglists
                0x000001b1       0xaf ./Drivers/STM32F4xx_HAL_Driver/Src/stm32f4xx_hal.o
 .debug_rnglists
                0x00000260       0xe0 ./Drivers/STM32F4xx_HAL_Driver/Src/stm32f4xx_hal_cortex.o
 .debug_rnglists
                0x00000340       0x3f ./Drivers/STM32F4xx_HAL_Driver/Src/stm32f4xx_hal_gpio.o
 .debug_rnglists
                0x0000037f      0x23c ./Drivers/STM32F4xx_HAL_Driver/Src/stm32f4xx_hal_i2c.o
 .debug_rnglists
                0x000005bb       0xfa ./Drivers/STM32F4xx_HAL_Driver/Src/stm32f4xx_hal_pcd.o
 .debug_rnglists
                0x000006b5       0x26 ./Drivers/STM32F4xx_HAL_Driver/Src/stm32f4xx_hal_pcd_ex.o
 .debug_rnglists
                0x000006db       0x66 ./Drivers/STM32F4xx_HAL_Driver/Src/stm32f4xx_hal_rcc.o
 .debug_rnglists
                0x00000741      0x147 ./Drivers/STM32F4xx_HAL_Driver/Src/stm32f4xx_ll_usb.o
 .debug_rnglists
                0x00000888       0x5e ./Middlewares/ST/STM32_USB_Device_Library/Class/CustomHID/Src/usbd_customhid.o
 .debug_rnglists
                0x000008e6       0xa1 ./Middlewares/ST/STM32_USB_Device_Library/Core/Src/usbd_core.o
 .debug_rnglists
                0x00000987       0x6e ./Middlewares/ST/STM32_USB_Device_Library/Core/Src/usbd_ctlreq.o
 .debug_rnglists
                0x000009f5       0x37 ./Middlewares/ST/STM32_USB_Device_Library/Core/Src/usbd_ioreq.o
 .debug_rnglists
                0x00000a2c       0x13 ./USB_DEVICE/App/usb_device.o
 .debug_rnglists
                0x00000a3f       0x1f ./USB_DEVICE/App/usbd_custom_hid_if.o
 .debug_rnglists
                0x00000a5e       0x43 ./USB_DEVICE/App/usbd_desc.o
 .debug_rnglists
                0x00000aa1       0xc9 ./USB_DEVICE/Target/usbd_conf.o

.debug_macro    0x00000000    0x18ff0
 .debug_macro   0x00000000      0x3d6 ./Core/Src/macropad_USB_handler.o
 .debug_macro   0x000003d6      0xad8 ./Core/Src/macropad_USB_handler.o
 .debug_macro   0x00000eae       0x22 ./Core/Src/macropad_USB_handler.o
 .debug_macro   0x00000ed0       0x8e ./Core/Src/macropad_USB_handler.o
 .debug_macro   0x00000f5e       0x51 ./Core/Src/macropad_USB_handler.o
 .debug_macro   0x00000faf      0x103 ./Core/Src/macropad_USB_handler.o
 .debug_macro   0x000010b2       0x6a ./Core/Src/macropad_USB_handler.o
 .debug_macro   0x0000111c      0x1df ./Core/Src/macropad_USB_handler.o
 .debug_macro   0x000012fb       0x6a ./Core/Src/macropad_USB_handler.o
 .debug_macro   0x00001365       0x61 ./Core/Src/macropad_USB_handler.o
 .debug_macro   0x000013c6       0x2a ./Core/Src/macropad_USB_handler.o
 .debug_macro   0x000013f0       0x43 ./Core/Src/macropad_USB_handler.o
 .debug_macro   0x00001433       0x34 ./Core/Src/macropad_USB_handler.o
 .debug_macro   0x00001467       0x16 ./Core/Src/macropad_USB_handler.o
 .debug_macro   0x0000147d       0x9e ./Core/Src/macropad_USB_handler.o
 .debug_macro   0x0000151b      0x370 ./Core/Src/macropad_USB_handler.o
 .debug_macro   0x0000188b      0x112 ./Core/Src/macropad_USB_handler.o
 .debug_macro   0x0000199d       0x10 ./Core/Src/macropad_USB_handler.o
 .debug_macro   0x000019ad       0x16 ./Core/Src/macropad_USB_handler.o
 .debug_macro   0x000019c3       0x4a ./Core/Src/macropad_USB_handler.o
 .debug_macro   0x00001a0d       0x34 ./Core/Src/macropad_USB_handler.o
 .debug_macro   0x00001a41       0x10 ./Core/Src/macropad_USB_handler.o
 .debug_macro   0x00001a51       0x58 ./Core/Src/macropad_USB_handler.o
 .debug_macro   0x00001aa9       0x8e ./Core/Src/macropad_USB_handler.o
 .debug_macro   0x00001b37       0x1c ./Core/Src/macropad_USB_handler.o
 .debug_macro   0x00001b53      0x185 ./Core/Src/macropad_USB_handler.o
 .debug_macro   0x00001cd8       0x16 ./Core/Src/macropad_USB_handler.o
 .debug_macro   0x00001cee       0x16 ./Core/Src/macropad_USB_handler.o
 .debug_macro   0x00001d04      0x146 ./Core/Src/macropad_USB_handler.o
 .debug_macro   0x00001e4a       0x16 ./Core/Src/macropad_USB_handler.o
 .debug_macro   0x00001e60       0x3c ./Core/Src/macropad_USB_handler.o
 .debug_macro   0x00001e9c       0x16 ./Core/Src/macropad_USB_handler.o
 .debug_macro   0x00001eb2       0x29 ./Core/Src/macropad_USB_handler.o
 .debug_macro   0x00001edb       0x16 ./Core/Src/macropad_USB_handler.o
 .debug_macro   0x00001ef1       0x20 ./Core/Src/macropad_USB_handler.o
 .debug_macro   0x00001f11      0x29b ./Core/Src/macropad_USB_handler.o
 .debug_macro   0x000021ac       0x2e ./Core/Src/macropad_USB_handler.o
 .debug_macro   0x000021da       0x28 ./Core/Src/macropad_USB_handler.o
 .debug_macro   0x00002202       0x1c ./Core/Src/macropad_USB_handler.o
 .debug_macro   0x0000221e       0x22 ./Core/Src/macropad_USB_handler.o
 .debug_macro   0x00002240       0xfb ./Core/Src/macropad_USB_handler.o
 .debug_macro   0x0000233b     0x1011 ./Core/Src/macropad_USB_handler.o
 .debug_macro   0x0000334c      0x11f ./Core/Src/macropad_USB_handler.o
 .debug_macro   0x0000346b     0xb968 ./Core/Src/macropad_USB_handler.o
 .debug_macro   0x0000edd3       0x6d ./Core/Src/macropad_USB_handler.o
 .debug_macro   0x0000ee40     0x3693 ./Core/Src/macropad_USB_handler.o
 .debug_macro   0x000124d3       0x56 ./Core/Src/macropad_USB_handler.o
 .debug_macro   0x00012529      0x45c ./Core/Src/macropad_USB_handler.o
 .debug_macro   0x00012985      0x9e9 ./Core/Src/macropad_USB_handler.o
 .debug_macro   0x0001336e      0x115 ./Core/Src/macropad_USB_handler.o
 .debug_macro   0x00013483      0x11b ./Core/Src/macropad_USB_handler.o
 .debug_macro   0x0001359e       0xa5 ./Core/Src/macropad_USB_handler.o
 .debug_macro   0x00013643      0x15f ./Core/Src/macropad_USB_handler.o
 .debug_macro   0x000137a2      0x287 ./Core/Src/macropad_USB_handler.o
 .debug_macro   0x00013a29       0x5f ./Core/Src/macropad_USB_handler.o
 .debug_macro   0x00013a88      0x236 ./Core/Src/macropad_USB_handler.o
 .debug_macro   0x00013cbe      0x132 ./Core/Src/macropad_USB_handler.o
 .debug_macro   0x00013df0      0x264 ./Core/Src/macropad_USB_handler.o
 .debug_macro   0x00014054       0x2e ./Core/Src/macropad_USB_handler.o
 .debug_macro   0x00014082      0x1b5 ./Core/Src/macropad_USB_handler.o
 .debug_macro   0x00014237       0x22 ./Core/Src/macropad_USB_handler.o
 .debug_macro   0x00014259       0xd6 ./Core/Src/macropad_USB_handler.o
 .debug_macro   0x0001432f      0x127 ./Core/Src/macropad_USB_handler.o
 .debug_macro   0x00014456       0x85 ./Core/Src/macropad_USB_handler.o
 .debug_macro   0x000144db       0x89 ./Core/Src/macropad_USB_handler.o
 .debug_macro   0x00014564      0x293 ./Core/Src/macropad_USB_handler.o
 .debug_macro   0x000147f7       0xba ./Core/Src/macropad_USB_handler.o
 .debug_macro   0x000148b1      0x126 ./Core/Src/macropad_USB_handler.o
 .debug_macro   0x000149d7       0x64 ./Core/Src/macropad_USB_handler.o
 .debug_macro   0x00014a3b       0x78 ./Core/Src/macropad_USB_handler.o
 .debug_macro   0x00014ab3      0x20f ./Core/Src/macropad_USB_handler.o
 .debug_macro   0x00014cc2       0x65 ./Core/Src/macropad_USB_handler.o
 .debug_macro   0x00014d27       0x52 ./Core/Src/macropad_USB_handler.o
 .debug_macro   0x00014d79       0x40 ./Core/Src/macropad_USB_handler.o
 .debug_macro   0x00014db9      0x3b2 ./Core/Src/main.o
 .debug_macro   0x0001516b      0x190 ./Core/Src/main.o
 .debug_macro   0x000152fb       0x5c ./Core/Src/main.o
 .debug_macro   0x00015357       0x22 ./Core/Src/main.o
 .debug_macro   0x00015379      0x229 ./Core/Src/matrix_scan.o
 .debug_macro   0x000155a2      0x1fc ./Core/Src/stm32f4xx_hal_msp.o
 .debug_macro   0x0001579e      0x206 ./Core/Src/stm32f4xx_it.o
 .debug_macro   0x000159a4      0x1ed ./Core/Src/system_stm32f4xx.o
 .debug_macro   0x00015b91      0x318 ./Drivers/OLED/ssd1306.o
 .debug_macro   0x00015ea9       0x28 ./Drivers/OLED/ssd1306.o
 .debug_macro   0x00015ed1      0x19b ./Drivers/OLED/ssd1306.o
 .debug_macro   0x0001606c      0x24d ./Drivers/STM32F4xx_HAL_Driver/Src/stm32f4xx_hal.o
 .debug_macro   0x000162b9      0x1ed ./Drivers/STM32F4xx_HAL_Driver/Src/stm32f4xx_hal_cortex.o
 .debug_macro   0x000164a6      0x1f3 ./Drivers/STM32F4xx_HAL_Driver/Src/stm32f4xx_hal_gpio.o
 .debug_macro   0x00016699      0x23b ./Drivers/STM32F4xx_HAL_Driver/Src/stm32f4xx_hal_i2c.o
 .debug_macro   0x000168d4      0x1f9 ./Drivers/STM32F4xx_HAL_Driver/Src/stm32f4xx_hal_pcd.o
 .debug_macro   0x00016acd      0x1ed ./Drivers/STM32F4xx_HAL_Driver/Src/stm32f4xx_hal_pcd_ex.o
 .debug_macro   0x00016cba      0x211 ./Drivers/STM32F4xx_HAL_Driver/Src/stm32f4xx_hal_rcc.o
 .debug_macro   0x00016ecb      0x1ed ./Drivers/STM32F4xx_HAL_Driver/Src/stm32f4xx_ll_usb.o
 .debug_macro   0x000170b8      0x38b ./Middlewares/ST/STM32_USB_Device_Library/Class/CustomHID/Src/usbd_customhid.o
 .debug_macro   0x00017443      0x372 ./Middlewares/ST/STM32_USB_Device_Library/Core/Src/usbd_core.o
 .debug_macro   0x000177b5      0x215 ./Middlewares/ST/STM32_USB_Device_Library/Core/Src/usbd_core.o
 .debug_macro   0x000179ca      0x37c ./Middlewares/ST/STM32_USB_Device_Library/Core/Src/usbd_ctlreq.o
 .debug_macro   0x00017d46      0x378 ./Middlewares/ST/STM32_USB_Device_Library/Core/Src/usbd_ioreq.o
 .debug_macro   0x000180be      0x3ac ./USB_DEVICE/App/usb_device.o
 .debug_macro   0x0001846a       0x6a ./USB_DEVICE/App/usb_device.o
 .debug_macro   0x000184d4       0x22 ./USB_DEVICE/App/usb_device.o
 .debug_macro   0x000184f6      0x39a ./USB_DEVICE/App/usbd_custom_hid_if.o
 .debug_macro   0x00018890      0x3b5 ./USB_DEVICE/App/usbd_desc.o
 .debug_macro   0x00018c45       0x1c ./USB_DEVICE/App/usbd_desc.o
 .debug_macro   0x00018c61      0x38f ./USB_DEVICE/Target/usbd_conf.o

.debug_line     0x00000000    0x157d5
 .debug_line    0x00000000      0xb18 ./Core/Src/macropad_USB_handler.o
 .debug_line    0x00000b18      0xb63 ./Core/Src/main.o
 .debug_line    0x0000167b      0x8b6 ./Core/Src/matrix_scan.o
 .debug_line    0x00001f31      0x7c3 ./Core/Src/stm32f4xx_hal_msp.o
 .debug_line    0x000026f4      0x83c ./Core/Src/stm32f4xx_it.o
 .debug_line    0x00002f30      0x7eb ./Core/Src/system_stm32f4xx.o
 .debug_line    0x0000371b       0x7a ./Core/Startup/startup_stm32f411ceux.o
 .debug_line    0x00003795     0x11d7 ./Drivers/OLED/ssd1306.o
 .debug_line    0x0000496c      0xa67 ./Drivers/STM32F4xx_HAL_Driver/Src/stm32f4xx_hal.o
 .debug_line    0x000053d3      0xd37 ./Drivers/STM32F4xx_HAL_Driver/Src/stm32f4xx_hal_cortex.o
 .debug_line    0x0000610a      0xb83 ./Drivers/STM32F4xx_HAL_Driver/Src/stm32f4xx_hal_gpio.o
 .debug_line    0x00006c8d     0x3b14 ./Drivers/STM32F4xx_HAL_Driver/Src/stm32f4xx_hal_i2c.o
 .debug_line    0x0000a7a1     0x14b2 ./Drivers/STM32F4xx_HAL_Driver/Src/stm32f4xx_hal_pcd.o
 .debug_line    0x0000bc53      0x830 ./Drivers/STM32F4xx_HAL_Driver/Src/stm32f4xx_hal_pcd_ex.o
 .debug_line    0x0000c483      0xe76 ./Drivers/STM32F4xx_HAL_Driver/Src/stm32f4xx_hal_rcc.o
 .debug_line    0x0000d2f9     0x1d3f ./Drivers/STM32F4xx_HAL_Driver/Src/stm32f4xx_ll_usb.o
 .debug_line    0x0000f038      0xe0a ./Middlewares/ST/STM32_USB_Device_Library/Class/CustomHID/Src/usbd_customhid.o
 .debug_line    0x0000fe42      0xf8c ./Middlewares/ST/STM32_USB_Device_Library/Core/Src/usbd_core.o
 .debug_line    0x00010dce     0x114e ./Middlewares/ST/STM32_USB_Device_Library/Core/Src/usbd_ctlreq.o
 .debug_line    0x00011f1c      0xa93 ./Middlewares/ST/STM32_USB_Device_Library/Core/Src/usbd_ioreq.o
 .debug_line    0x000129af      0xa6c ./USB_DEVICE/App/usb_device.o
 .debug_line    0x0001341b      0xa80 ./USB_DEVICE/App/usbd_custom_hid_if.o
 .debug_line    0x00013e9b      0xb02 ./USB_DEVICE/App/usbd_desc.o
 .debug_line    0x0001499d      0xe38 ./USB_DEVICE/Target/usbd_conf.o

.debug_str      0x00000000    0x8ac62
 .debug_str     0x00000000    0x8ac62 ./Core/Src/macropad_USB_handler.o
                              0x85dfc (size before relaxing)
 .debug_str     0x0008ac62    0x85fdd ./Core/Src/main.o
 .debug_str     0x0008ac62    0x811dc ./Core/Src/matrix_scan.o
 .debug_str     0x0008ac62    0x816d6 ./Core/Src/stm32f4xx_hal_msp.o
 .debug_str     0x0008ac62    0x814da ./Core/Src/stm32f4xx_it.o
 .debug_str     0x0008ac62    0x81097 ./Core/Src/system_stm32f4xx.o
 .debug_str     0x0008ac62       0x80 ./Core/Startup/startup_stm32f411ceux.o
 .debug_str     0x0008ac62    0x855ae ./Drivers/OLED/ssd1306.o
 .debug_str     0x0008ac62    0x81ac3 ./Drivers/STM32F4xx_HAL_Driver/Src/stm32f4xx_hal.o
 .debug_str     0x0008ac62    0x8182d ./Drivers/STM32F4xx_HAL_Driver/Src/stm32f4xx_hal_cortex.o
 .debug_str     0x0008ac62    0x81212 ./Drivers/STM32F4xx_HAL_Driver/Src/stm32f4xx_hal_gpio.o
 .debug_str     0x0008ac62    0x820a8 ./Drivers/STM32F4xx_HAL_Driver/Src/stm32f4xx_hal_i2c.o
 .debug_str     0x0008ac62    0x81b63 ./Drivers/STM32F4xx_HAL_Driver/Src/stm32f4xx_hal_pcd.o
 .debug_str     0x0008ac62    0x81453 ./Drivers/STM32F4xx_HAL_Driver/Src/stm32f4xx_hal_pcd_ex.o
 .debug_str     0x0008ac62    0x814cb ./Drivers/STM32F4xx_HAL_Driver/Src/stm32f4xx_hal_rcc.o
 .debug_str     0x0008ac62    0x81a3e ./Drivers/STM32F4xx_HAL_Driver/Src/stm32f4xx_ll_usb.o
 .debug_str     0x0008ac62    0x85e74 ./Middlewares/ST/STM32_USB_Device_Library/Class/CustomHID/Src/usbd_customhid.o
 .debug_str     0x0008ac62    0x85c0e ./Middlewares/ST/STM32_USB_Device_Library/Core/Src/usbd_core.o
 .debug_str     0x0008ac62    0x85a39 ./Middlewares/ST/STM32_USB_Device_Library/Core/Src/usbd_ctlreq.o
 .debug_str     0x0008ac62    0x8590e ./Middlewares/ST/STM32_USB_Device_Library/Core/Src/usbd_ioreq.o
 .debug_str     0x0008ac62    0x85bb6 ./USB_DEVICE/App/usb_device.o
 .debug_str     0x0008ac62    0x85c27 ./USB_DEVICE/App/usbd_custom_hid_if.o
 .debug_str     0x0008ac62    0x8581b ./USB_DEVICE/App/usbd_desc.o
 .debug_str     0x0008ac62    0x868c7 ./USB_DEVICE/Target/usbd_conf.o

.comment        0x00000000       0x43
 .comment       0x00000000       0x43 ./Core/Src/macropad_USB_handler.o
                                 0x44 (size before relaxing)
 .comment       0x00000043       0x44 ./Core/Src/main.o
 .comment       0x00000043       0x44 ./Core/Src/matrix_scan.o
 .comment       0x00000043       0x44 ./Core/Src/stm32f4xx_hal_msp.o
 .comment       0x00000043       0x44 ./Core/Src/stm32f4xx_it.o
 .comment       0x00000043       0x44 ./Core/Src/system_stm32f4xx.o
 .comment       0x00000043       0x44 ./Drivers/OLED/ssd1306.o
 .comment       0x00000043       0x44 ./Drivers/STM32F4xx_HAL_Driver/Src/stm32f4xx_hal.o
 .comment       0x00000043       0x44 ./Drivers/STM32F4xx_HAL_Driver/Src/stm32f4xx_hal_cortex.o
 .comment       0x00000043       0x44 ./Drivers/STM32F4xx_HAL_Driver/Src/stm32f4xx_hal_gpio.o
 .comment       0x00000043       0x44 ./Drivers/STM32F4xx_HAL_Driver/Src/stm32f4xx_hal_i2c.o
 .comment       0x00000043       0x44 ./Drivers/STM32F4xx_HAL_Driver/Src/stm32f4xx_hal_pcd.o
 .comment       0x00000043       0x44 ./Drivers/STM32F4xx_HAL_Driver/Src/stm32f4xx_hal_pcd_ex.o
 .comment       0x00000043       0x44 ./Drivers/STM32F4xx_HAL_Driver/Src/stm32f4xx_hal_rcc.o
 .comment       0x00000043       0x44 ./Drivers/STM32F4xx_HAL_Driver/Src/stm32f4xx_ll_usb.o
 .comment       0x00000043       0x44 ./Middlewares/ST/STM32_USB_Device_Library/Class/CustomHID/Src/usbd_customhid.o
 .comment       0x00000043       0x44 ./Middlewares/ST/STM32_USB_Device_Library/Core/Src/usbd_core.o
 .comment       0x00000043       0x44 ./Middlewares/ST/STM32_USB_Device_Library/Core/Src/usbd_ctlreq.o
 .comment       0x00000043       0x44 ./Middlewares/ST/STM32_USB_Device_Library/Core/Src/usbd_ioreq.o
 .comment       0x00000043       0x44 ./USB_DEVICE/App/usb_device.o
 .comment       0x00000043       0x44 ./USB_DEVICE/App/usbd_custom_hid_if.o
 .comment       0x00000043       0x44 ./USB_DEVICE/App/usbd_desc.o
 .comment       0x00000043       0x44 ./USB_DEVICE/Target/usbd_conf.o

.debug_frame    0x00000000     0x3dc0
 .debug_frame   0x00000000       0x5c ./Core/Src/macropad_USB_handler.o
 .debug_frame   0x0000005c       0xa8 ./Core/Src/main.o
 .debug_frame   0x00000104       0x5c ./Core/Src/matrix_scan.o
 .debug_frame   0x00000160       0x80 ./Core/Src/stm32f4xx_hal_msp.o
 .debug_frame   0x000001e0      0x120 ./Core/Src/stm32f4xx_it.o
 .debug_frame   0x00000300       0x58 ./Core/Src/system_stm32f4xx.o
 .debug_frame   0x00000358      0x3e4 ./Drivers/OLED/ssd1306.o
 .debug_frame   0x0000073c      0x374 ./Drivers/STM32F4xx_HAL_Driver/Src/stm32f4xx_hal.o
 .debug_frame   0x00000ab0      0x508 ./Drivers/STM32F4xx_HAL_Driver/Src/stm32f4xx_hal_cortex.o
 .debug_frame   0x00000fb8      0x14c ./Drivers/STM32F4xx_HAL_Driver/Src/stm32f4xx_hal_gpio.o
 .debug_frame   0x00001104      0xc84 ./Drivers/STM32F4xx_HAL_Driver/Src/stm32f4xx_hal_i2c.o
 .debug_frame   0x00001d88      0x5b8 ./Drivers/STM32F4xx_HAL_Driver/Src/stm32f4xx_hal_pcd.o
 .debug_frame   0x00002340       0xb0 ./Drivers/STM32F4xx_HAL_Driver/Src/stm32f4xx_hal_pcd_ex.o
 .debug_frame   0x000023f0      0x1f4 ./Drivers/STM32F4xx_HAL_Driver/Src/stm32f4xx_hal_rcc.o
 .debug_frame   0x000025e4      0x7c0 ./Drivers/STM32F4xx_HAL_Driver/Src/stm32f4xx_ll_usb.o
 .debug_frame   0x00002da4      0x1f4 ./Middlewares/ST/STM32_USB_Device_Library/Class/CustomHID/Src/usbd_customhid.o
 .debug_frame   0x00002f98      0x390 ./Middlewares/ST/STM32_USB_Device_Library/Core/Src/usbd_core.o
 .debug_frame   0x00003328      0x23c ./Middlewares/ST/STM32_USB_Device_Library/Core/Src/usbd_ctlreq.o
 .debug_frame   0x00003564      0x10c ./Middlewares/ST/STM32_USB_Device_Library/Core/Src/usbd_ioreq.o
 .debug_frame   0x00003670       0x2c ./USB_DEVICE/App/usb_device.o
 .debug_frame   0x0000369c       0x74 ./USB_DEVICE/App/usbd_custom_hid_if.o
 .debug_frame   0x00003710      0x160 ./USB_DEVICE/App/usbd_desc.o
 .debug_frame   0x00003870      0x47c ./USB_DEVICE/Target/usbd_conf.o
 .debug_frame   0x00003cec       0x28 C:/ST/STM32CubeIDE_1.19.0/STM32CubeIDE/plugins/com.st.stm32cube.ide.mcu.externaltools.gnu-tools-for-stm32.13.3.rel1.win32_1.0.0.202411081344/tools/bin/../lib/gcc/arm-none-eabi/13.3.1/../../../../arm-none-eabi/lib/thumb/v7e-m+fp/hard\libc_nano.a(libc_a-memcmp.o)
 .debug_frame   0x00003d14       0x20 C:/ST/STM32CubeIDE_1.19.0/STM32CubeIDE/plugins/com.st.stm32cube.ide.mcu.externaltools.gnu-tools-for-stm32.13.3.rel1.win32_1.0.0.202411081344/tools/bin/../lib/gcc/arm-none-eabi/13.3.1/../../../../arm-none-eabi/lib/thumb/v7e-m+fp/hard\libc_nano.a(libc_a-memset.o)
 .debug_frame   0x00003d34       0x2c C:/ST/STM32CubeIDE_1.19.0/STM32CubeIDE/plugins/com.st.stm32cube.ide.mcu.externaltools.gnu-tools-for-stm32.13.3.rel1.win32_1.0.0.202411081344/tools/bin/../lib/gcc/arm-none-eabi/13.3.1/../../../../arm-none-eabi/lib/thumb/v7e-m+fp/hard\libc_nano.a(libc_a-init.o)
 .debug_frame   0x00003d60       0x2c C:/ST/STM32CubeIDE_1.19.0/STM32CubeIDE/plugins/com.st.stm32cube.ide.mcu.externaltools.gnu-tools-for-stm32.13.3.rel1.win32_1.0.0.202411081344/tools/bin/../lib/gcc/arm-none-eabi/13.3.1/thumb/v7e-m+fp/hard\libgcc.a(_aeabi_uldivmod.o)
 .debug_frame   0x00003d8c       0x34 C:/ST/STM32CubeIDE_1.19.0/STM32CubeIDE/plugins/com.st.stm32cube.ide.mcu.externaltools.gnu-tools-for-stm32.13.3.rel1.win32_1.0.0.202411081344/tools/bin/../lib/gcc/arm-none-eabi/13.3.1/thumb/v7e-m+fp/hard\libgcc.a(_udivmoddi4.o)

.debug_line_str
                0x00000000       0x64
 .debug_line_str
                0x00000000       0x64 ./Core/Startup/startup_stm32f411ceux.o
